2026-01-30 23:45:35,696 [INFO] 
==================================================
2026-01-30 23:45:35,696 [INFO] Processing: radimagenet_resnet50_finetuned.pth
2026-01-30 23:45:35,696 [INFO] ==================================================
2026-01-30 23:45:35,812 [INFO]   Checkpoint has 2 classes.
2026-01-30 23:45:36,162 [INFO]     resnet50 (torchvision) missing: 0, unexpected: 0
2026-01-30 23:45:36,162 [INFO]   Successfully loaded weights into resnet50
2026-01-30 23:45:36,184 [INFO] Evaluating...
2026-01-30 23:45:44,463 [INFO]   Batch 0/135
2026-01-30 23:46:05,354 [INFO]   Batch 10/135
2026-01-30 23:46:35,545 [INFO]   Batch 20/135
2026-01-30 23:46:59,474 [INFO]   Batch 30/135
2026-01-30 23:47:31,006 [INFO]   Batch 40/135
2026-01-30 23:47:53,722 [INFO]   Batch 50/135
2026-01-30 23:48:20,675 [INFO]   Batch 60/135
2026-01-30 23:48:44,685 [INFO]   Batch 70/135
2026-01-30 23:49:11,652 [INFO]   Batch 80/135
2026-01-30 23:49:35,494 [INFO]   Batch 90/135
2026-01-30 23:49:58,426 [INFO]   Batch 100/135
2026-01-30 23:50:26,017 [INFO]   Batch 110/135
2026-01-30 23:50:47,346 [INFO]   Batch 120/135
2026-01-30 23:51:14,657 [INFO]   Batch 130/135
2026-01-30 23:51:21,496 [INFO] 
Results: Acc=0.7320, AUC=0.6201
2026-01-30 23:51:21,497 [INFO] 
Classification Report:
              precision    recall  f1-score   support

          AP       0.02      0.38      0.04        56
          PA       0.99      0.74      0.84      4257

    accuracy                           0.73      4313
   macro avg       0.50      0.56      0.44      4313
weighted avg       0.98      0.73      0.83      4313

2026-01-30 23:51:21,497 [INFO] 
Confusion Matrix:
[[  21   35]
 [1121 3136]]
