2026-01-30 21:49:07,858 [INFO] 
==================================================
2026-01-30 21:49:07,858 [INFO] Processing: mobilenetfullyfinetunebestmodel.pth
2026-01-30 21:49:07,858 [INFO] ==================================================
2026-01-30 21:49:07,914 [INFO]   Checkpoint has 2 classes.
2026-01-30 21:49:07,963 [INFO]     mobilenet_v2 (torchvision) missing: 262, unexpected: 312
2026-01-30 21:49:08,008 [INFO]     Timm error for mobilenetv2_100: Error(s) in loading state_dict for EfficientNet:
	size mismatch for conv_stem.weight: copying a param with shape torch.Size([16, 3, 3, 3]) from checkpoint, the shape in current model is torch.Size([32, 3, 3, 3]).
	size mismatch for bn1.weight: copying a param with shape torch.Size([16]) from checkpoint, the shape in current model is torch.Size([32]).
	size mismatch for bn1.bias: copying a param with shape torch.Size([16]) from checkpoint, the shape in current model is torch.Size([32]).
	size mismatch for bn1.running_mean: copying a param with shape torch.Size([16]) from checkpoint, the shape in current model is torch.Size([32]).
	size mismatch for bn1.running_var: copying a param with shape torch.Size([16]) from checkpoint, the shape in current model is torch.Size([32]).
	size mismatch for blocks.0.0.conv_dw.weight: copying a param with shape torch.Size([16, 1, 3, 3]) from checkpoint, the shape in current model is torch.Size([32, 1, 3, 3]).
	size mismatch for blocks.0.0.bn1.weight: copying a param with shape torch.Size([16]) from checkpoint, the shape in current model is torch.Size([32]).
	size mismatch for blocks.0.0.bn1.bias: copying a param with shape torch.Size([16]) from checkpoint, the shape in current model is torch.Size([32]).
	size mismatch for blocks.0.0.bn1.running_mean: copying a param with shape torch.Size([16]) from checkpoint, the shape in current model is torch.Size([32]).
	size mismatch for blocks.0.0.bn1.running_var: copying a param with shape torch.Size([16]) from checkpoint, the shape in current model is torch.Size([32]).
	size mismatch for blocks.0.0.conv_pw.weight: copying a param with shape torch.Size([16, 16, 1, 1]) from checkpoint, the shape in current model is torch.Size([16, 32, 1, 1]).
	size mismatch for blocks.1.0.conv_pw.weight: copying a param with shape torch.Size([64, 16, 1, 1]) from checkpoint, the shape in current model is torch.Size([96, 16, 1, 1]).
	size mismatch for blocks.1.0.bn1.weight: copying a param with shape torch.Size([64]) from checkpoint, the shape in current model is torch.Size([96]).
	size mismatch for blocks.1.0.bn1.bias: copying a param with shape torch.Size([64]) from checkpoint, the shape in current model is torch.Size([96]).
	size mismatch for blocks.1.0.bn1.running_mean: copying a param with shape torch.Size([64]) from checkpoint, the shape in current model is torch.Size([96]).
	size mismatch for blocks.1.0.bn1.running_var: copying a param with shape torch.Size([64]) from checkpoint, the shape in current model is torch.Size([96]).
	size mismatch for blocks.1.0.conv_dw.weight: copying a param with shape torch.Size([64, 1, 3, 3]) from checkpoint, the shape in current model is torch.Size([96, 1, 3, 3]).
	size mismatch for blocks.1.0.bn2.weight: copying a param with shape torch.Size([64]) from checkpoint, the shape in current model is torch.Size([96]).
	size mismatch for blocks.1.0.bn2.bias: copying a param with shape torch.Size([64]) from checkpoint, the shape in current model is torch.Size([96]).
	size mismatch for blocks.1.0.bn2.running_mean: copying a param with shape torch.Size([64]) from checkpoint, the shape in current model is torch.Size([96]).
	size mismatch for blocks.1.0.bn2.running_var: copying a param with shape torch.Size([64]) from checkpoint, the shape in current model is torch.Size([96]).
	size mismatch for blocks.1.0.conv_pwl.weight: copying a param with shape torch.Size([24, 64, 1, 1]) from checkpoint, the shape in current model is torch.Size([24, 96, 1, 1]).
	size mismatch for blocks.1.1.conv_pw.weight: copying a param with shape torch.Size([72, 24, 1, 1]) from checkpoint, the shape in current model is torch.Size([144, 24, 1, 1]).
	size mismatch for blocks.1.1.bn1.weight: copying a param with shape torch.Size([72]) from checkpoint, the shape in current model is torch.Size([144]).
	size mismatch for blocks.1.1.bn1.bias: copying a param with shape torch.Size([72]) from checkpoint, the shape in current model is torch.Size([144]).
	size mismatch for blocks.1.1.bn1.running_mean: copying a param with shape torch.Size([72]) from checkpoint, the shape in current model is torch.Size([144]).
	size mismatch for blocks.1.1.bn1.running_var: copying a param with shape torch.Size([72]) from checkpoint, the shape in current model is torch.Size([144]).
	size mismatch for blocks.1.1.conv_dw.weight: copying a param with shape torch.Size([72, 1, 3, 3]) from checkpoint, the shape in current model is torch.Size([144, 1, 3, 3]).
	size mismatch for blocks.1.1.bn2.weight: copying a param with shape torch.Size([72]) from checkpoint, the shape in current model is torch.Size([144]).
	size mismatch for blocks.1.1.bn2.bias: copying a param with shape torch.Size([72]) from checkpoint, the shape in current model is torch.Size([144]).
	size mismatch for blocks.1.1.bn2.running_mean: copying a param with shape torch.Size([72]) from checkpoint, the shape in current model is torch.Size([144]).
	size mismatch for blocks.1.1.bn2.running_var: copying a param with shape torch.Size([72]) from checkpoint, the shape in current model is torch.Size([144]).
	size mismatch for blocks.1.1.conv_pwl.weight: copying a param with shape torch.Size([24, 72, 1, 1]) from checkpoint, the shape in current model is torch.Size([24, 144, 1, 1]).
	size mismatch for blocks.2.0.conv_pw.weight: copying a param with shape torch.Size([72, 24, 1, 1]) from checkpoint, the shape in current model is torch.Size([144, 24, 1, 1]).
	size mismatch for blocks.2.0.bn1.weight: copying a param with shape torch.Size([72]) from checkpoint, the shape in current model is torch.Size([144]).
	size mismatch for blocks.2.0.bn1.bias: copying a param with shape torch.Size([72]) from checkpoint, the shape in current model is torch.Size([144]).
	size mismatch for blocks.2.0.bn1.running_mean: copying a param with shape torch.Size([72]) from checkpoint, the shape in current model is torch.Size([144]).
	size mismatch for blocks.2.0.bn1.running_var: copying a param with shape torch.Size([72]) from checkpoint, the shape in current model is torch.Size([144]).
	size mismatch for blocks.2.0.conv_dw.weight: copying a param with shape torch.Size([72, 1, 5, 5]) from checkpoint, the shape in current model is torch.Size([144, 1, 3, 3]).
	size mismatch for blocks.2.0.bn2.weight: copying a param with shape torch.Size([72]) from checkpoint, the shape in current model is torch.Size([144]).
	size mismatch for blocks.2.0.bn2.bias: copying a param with shape torch.Size([72]) from checkpoint, the shape in current model is torch.Size([144]).
	size mismatch for blocks.2.0.bn2.running_mean: copying a param with shape torch.Size([72]) from checkpoint, the shape in current model is torch.Size([144]).
	size mismatch for blocks.2.0.bn2.running_var: copying a param with shape torch.Size([72]) from checkpoint, the shape in current model is torch.Size([144]).
	size mismatch for blocks.2.0.conv_pwl.weight: copying a param with shape torch.Size([40, 72, 1, 1]) from checkpoint, the shape in current model is torch.Size([32, 144, 1, 1]).
	size mismatch for blocks.2.0.bn3.weight: copying a param with shape torch.Size([40]) from checkpoint, the shape in current model is torch.Size([32]).
	size mismatch for blocks.2.0.bn3.bias: copying a param with shape torch.Size([40]) from checkpoint, the shape in current model is torch.Size([32]).
	size mismatch for blocks.2.0.bn3.running_mean: copying a param with shape torch.Size([40]) from checkpoint, the shape in current model is torch.Size([32]).
	size mismatch for blocks.2.0.bn3.running_var: copying a param with shape torch.Size([40]) from checkpoint, the shape in current model is torch.Size([32]).
	size mismatch for blocks.2.1.conv_pw.weight: copying a param with shape torch.Size([120, 40, 1, 1]) from checkpoint, the shape in current model is torch.Size([192, 32, 1, 1]).
	size mismatch for blocks.2.1.bn1.weight: copying a param with shape torch.Size([120]) from checkpoint, the shape in current model is torch.Size([192]).
	size mismatch for blocks.2.1.bn1.bias: copying a param with shape torch.Size([120]) from checkpoint, the shape in current model is torch.Size([192]).
	size mismatch for blocks.2.1.bn1.running_mean: copying a param with shape torch.Size([120]) from checkpoint, the shape in current model is torch.Size([192]).
	size mismatch for blocks.2.1.bn1.running_var: copying a param with shape torch.Size([120]) from checkpoint, the shape in current model is torch.Size([192]).
	size mismatch for blocks.2.1.conv_dw.weight: copying a param with shape torch.Size([120, 1, 5, 5]) from checkpoint, the shape in current model is torch.Size([192, 1, 3, 3]).
	size mismatch for blocks.2.1.bn2.weight: copying a param with shape torch.Size([120]) from checkpoint, the shape in current model is torch.Size([192]).
	size mismatch for blocks.2.1.bn2.bias: copying a param with shape torch.Size([120]) from checkpoint, the shape in current model is torch.Size([192]).
	size mismatch for blocks.2.1.bn2.running_mean: copying a param with shape torch.Size([120]) from checkpoint, the shape in current model is torch.Size([192]).
	size mismatch for blocks.2.1.bn2.running_var: copying a param with shape torch.Size([120]) from checkpoint, the shape in current model is torch.Size([192]).
	size mismatch for blocks.2.1.conv_pwl.weight: copying a param with shape torch.Size([40, 120, 1, 1]) from checkpoint, the shape in current model is torch.Size([32, 192, 1, 1]).
	size mismatch for blocks.2.1.bn3.weight: copying a param with shape torch.Size([40]) from checkpoint, the shape in current model is torch.Size([32]).
	size mismatch for blocks.2.1.bn3.bias: copying a param with shape torch.Size([40]) from checkpoint, the shape in current model is torch.Size([32]).
	size mismatch for blocks.2.1.bn3.running_mean: copying a param with shape torch.Size([40]) from checkpoint, the shape in current model is torch.Size([32]).
	size mismatch for blocks.2.1.bn3.running_var: copying a param with shape torch.Size([40]) from checkpoint, the shape in current model is torch.Size([32]).
	size mismatch for blocks.2.2.conv_pw.weight: copying a param with shape torch.Size([120, 40, 1, 1]) from checkpoint, the shape in current model is torch.Size([192, 32, 1, 1]).
	size mismatch for blocks.2.2.bn1.weight: copying a param with shape torch.Size([120]) from checkpoint, the shape in current model is torch.Size([192]).
	size mismatch for blocks.2.2.bn1.bias: copying a param with shape torch.Size([120]) from checkpoint, the shape in current model is torch.Size([192]).
	size mismatch for blocks.2.2.bn1.running_mean: copying a param with shape torch.Size([120]) from checkpoint, the shape in current model is torch.Size([192]).
	size mismatch for blocks.2.2.bn1.running_var: copying a param with shape torch.Size([120]) from checkpoint, the shape in current model is torch.Size([192]).
	size mismatch for blocks.2.2.conv_dw.weight: copying a param with shape torch.Size([120, 1, 5, 5]) from checkpoint, the shape in current model is torch.Size([192, 1, 3, 3]).
	size mismatch for blocks.2.2.bn2.weight: copying a param with shape torch.Size([120]) from checkpoint, the shape in current model is torch.Size([192]).
	size mismatch for blocks.2.2.bn2.bias: copying a param with shape torch.Size([120]) from checkpoint, the shape in current model is torch.Size([192]).
	size mismatch for blocks.2.2.bn2.running_mean: copying a param with shape torch.Size([120]) from checkpoint, the shape in current model is torch.Size([192]).
	size mismatch for blocks.2.2.bn2.running_var: copying a param with shape torch.Size([120]) from checkpoint, the shape in current model is torch.Size([192]).
	size mismatch for blocks.2.2.conv_pwl.weight: copying a param with shape torch.Size([40, 120, 1, 1]) from checkpoint, the shape in current model is torch.Size([32, 192, 1, 1]).
	size mismatch for blocks.2.2.bn3.weight: copying a param with shape torch.Size([40]) from checkpoint, the shape in current model is torch.Size([32]).
	size mismatch for blocks.2.2.bn3.bias: copying a param with shape torch.Size([40]) from checkpoint, the shape in current model is torch.Size([32]).
	size mismatch for blocks.2.2.bn3.running_mean: copying a param with shape torch.Size([40]) from checkpoint, the shape in current model is torch.Size([32]).
	size mismatch for blocks.2.2.bn3.running_var: copying a param with shape torch.Size([40]) from checkpoint, the shape in current model is torch.Size([32]).
	size mismatch for blocks.3.0.conv_pw.weight: copying a param with shape torch.Size([240, 40, 1, 1]) from checkpoint, the shape in current model is torch.Size([192, 32, 1, 1]).
	size mismatch for blocks.3.0.bn1.weight: copying a param with shape torch.Size([240]) from checkpoint, the shape in current model is torch.Size([192]).
	size mismatch for blocks.3.0.bn1.bias: copying a param with shape torch.Size([240]) from checkpoint, the shape in current model is torch.Size([192]).
	size mismatch for blocks.3.0.bn1.running_mean: copying a param with shape torch.Size([240]) from checkpoint, the shape in current model is torch.Size([192]).
	size mismatch for blocks.3.0.bn1.running_var: copying a param with shape torch.Size([240]) from checkpoint, the shape in current model is torch.Size([192]).
	size mismatch for blocks.3.0.conv_dw.weight: copying a param with shape torch.Size([240, 1, 3, 3]) from checkpoint, the shape in current model is torch.Size([192, 1, 3, 3]).
	size mismatch for blocks.3.0.bn2.weight: copying a param with shape torch.Size([240]) from checkpoint, the shape in current model is torch.Size([192]).
	size mismatch for blocks.3.0.bn2.bias: copying a param with shape torch.Size([240]) from checkpoint, the shape in current model is torch.Size([192]).
	size mismatch for blocks.3.0.bn2.running_mean: copying a param with shape torch.Size([240]) from checkpoint, the shape in current model is torch.Size([192]).
	size mismatch for blocks.3.0.bn2.running_var: copying a param with shape torch.Size([240]) from checkpoint, the shape in current model is torch.Size([192]).
	size mismatch for blocks.3.0.conv_pwl.weight: copying a param with shape torch.Size([80, 240, 1, 1]) from checkpoint, the shape in current model is torch.Size([64, 192, 1, 1]).
	size mismatch for blocks.3.0.bn3.weight: copying a param with shape torch.Size([80]) from checkpoint, the shape in current model is torch.Size([64]).
	size mismatch for blocks.3.0.bn3.bias: copying a param with shape torch.Size([80]) from checkpoint, the shape in current model is torch.Size([64]).
	size mismatch for blocks.3.0.bn3.running_mean: copying a param with shape torch.Size([80]) from checkpoint, the shape in current model is torch.Size([64]).
	size mismatch for blocks.3.0.bn3.running_var: copying a param with shape torch.Size([80]) from checkpoint, the shape in current model is torch.Size([64]).
	size mismatch for blocks.3.1.conv_pw.weight: copying a param with shape torch.Size([200, 80, 1, 1]) from checkpoint, the shape in current model is torch.Size([384, 64, 1, 1]).
	size mismatch for blocks.3.1.bn1.weight: copying a param with shape torch.Size([200]) from checkpoint, the shape in current model is torch.Size([384]).
	size mismatch for blocks.3.1.bn1.bias: copying a param with shape torch.Size([200]) from checkpoint, the shape in current model is torch.Size([384]).
	size mismatch for blocks.3.1.bn1.running_mean: copying a param with shape torch.Size([200]) from checkpoint, the shape in current model is torch.Size([384]).
	size mismatch for blocks.3.1.bn1.running_var: copying a param with shape torch.Size([200]) from checkpoint, the shape in current model is torch.Size([384]).
	size mismatch for blocks.3.1.conv_dw.weight: copying a param with shape torch.Size([200, 1, 3, 3]) from checkpoint, the shape in current model is torch.Size([384, 1, 3, 3]).
	size mismatch for blocks.3.1.bn2.weight: copying a param with shape torch.Size([200]) from checkpoint, the shape in current model is torch.Size([384]).
	size mismatch for blocks.3.1.bn2.bias: copying a param with shape torch.Size([200]) from checkpoint, the shape in current model is torch.Size([384]).
	size mismatch for blocks.3.1.bn2.running_mean: copying a param with shape torch.Size([200]) from checkpoint, the shape in current model is torch.Size([384]).
	size mismatch for blocks.3.1.bn2.running_var: copying a param with shape torch.Size([200]) from checkpoint, the shape in current model is torch.Size([384]).
	size mismatch for blocks.3.1.conv_pwl.weight: copying a param with shape torch.Size([80, 200, 1, 1]) from checkpoint, the shape in current model is torch.Size([64, 384, 1, 1]).
	size mismatch for blocks.3.1.bn3.weight: copying a param with shape torch.Size([80]) from checkpoint, the shape in current model is torch.Size([64]).
	size mismatch for blocks.3.1.bn3.bias: copying a param with shape torch.Size([80]) from checkpoint, the shape in current model is torch.Size([64]).
	size mismatch for blocks.3.1.bn3.running_mean: copying a param with shape torch.Size([80]) from checkpoint, the shape in current model is torch.Size([64]).
	size mismatch for blocks.3.1.bn3.running_var: copying a param with shape torch.Size([80]) from checkpoint, the shape in current model is torch.Size([64]).
	size mismatch for blocks.3.2.conv_pw.weight: copying a param with shape torch.Size([184, 80, 1, 1]) from checkpoint, the shape in current model is torch.Size([384, 64, 1, 1]).
	size mismatch for blocks.3.2.bn1.weight: copying a param with shape torch.Size([184]) from checkpoint, the shape in current model is torch.Size([384]).
	size mismatch for blocks.3.2.bn1.bias: copying a param with shape torch.Size([184]) from checkpoint, the shape in current model is torch.Size([384]).
	size mismatch for blocks.3.2.bn1.running_mean: copying a param with shape torch.Size([184]) from checkpoint, the shape in current model is torch.Size([384]).
	size mismatch for blocks.3.2.bn1.running_var: copying a param with shape torch.Size([184]) from checkpoint, the shape in current model is torch.Size([384]).
	size mismatch for blocks.3.2.conv_dw.weight: copying a param with shape torch.Size([184, 1, 3, 3]) from checkpoint, the shape in current model is torch.Size([384, 1, 3, 3]).
	size mismatch for blocks.3.2.bn2.weight: copying a param with shape torch.Size([184]) from checkpoint, the shape in current model is torch.Size([384]).
	size mismatch for blocks.3.2.bn2.bias: copying a param with shape torch.Size([184]) from checkpoint, the shape in current model is torch.Size([384]).
	size mismatch for blocks.3.2.bn2.running_mean: copying a param with shape torch.Size([184]) from checkpoint, the shape in current model is torch.Size([384]).
	size mismatch for blocks.3.2.bn2.running_var: copying a param with shape torch.Size([184]) from checkpoint, the shape in current model is torch.Size([384]).
	size mismatch for blocks.3.2.conv_pwl.weight: copying a param with shape torch.Size([80, 184, 1, 1]) from checkpoint, the shape in current model is torch.Size([64, 384, 1, 1]).
	size mismatch for blocks.3.2.bn3.weight: copying a param with shape torch.Size([80]) from checkpoint, the shape in current model is torch.Size([64]).
	size mismatch for blocks.3.2.bn3.bias: copying a param with shape torch.Size([80]) from checkpoint, the shape in current model is torch.Size([64]).
	size mismatch for blocks.3.2.bn3.running_mean: copying a param with shape torch.Size([80]) from checkpoint, the shape in current model is torch.Size([64]).
	size mismatch for blocks.3.2.bn3.running_var: copying a param with shape torch.Size([80]) from checkpoint, the shape in current model is torch.Size([64]).
	size mismatch for blocks.3.3.conv_pw.weight: copying a param with shape torch.Size([184, 80, 1, 1]) from checkpoint, the shape in current model is torch.Size([384, 64, 1, 1]).
	size mismatch for blocks.3.3.bn1.weight: copying a param with shape torch.Size([184]) from checkpoint, the shape in current model is torch.Size([384]).
	size mismatch for blocks.3.3.bn1.bias: copying a param with shape torch.Size([184]) from checkpoint, the shape in current model is torch.Size([384]).
	size mismatch for blocks.3.3.bn1.running_mean: copying a param with shape torch.Size([184]) from checkpoint, the shape in current model is torch.Size([384]).
	size mismatch for blocks.3.3.bn1.running_var: copying a param with shape torch.Size([184]) from checkpoint, the shape in current model is torch.Size([384]).
	size mismatch for blocks.3.3.conv_dw.weight: copying a param with shape torch.Size([184, 1, 3, 3]) from checkpoint, the shape in current model is torch.Size([384, 1, 3, 3]).
	size mismatch for blocks.3.3.bn2.weight: copying a param with shape torch.Size([184]) from checkpoint, the shape in current model is torch.Size([384]).
	size mismatch for blocks.3.3.bn2.bias: copying a param with shape torch.Size([184]) from checkpoint, the shape in current model is torch.Size([384]).
	size mismatch for blocks.3.3.bn2.running_mean: copying a param with shape torch.Size([184]) from checkpoint, the shape in current model is torch.Size([384]).
	size mismatch for blocks.3.3.bn2.running_var: copying a param with shape torch.Size([184]) from checkpoint, the shape in current model is torch.Size([384]).
	size mismatch for blocks.3.3.conv_pwl.weight: copying a param with shape torch.Size([80, 184, 1, 1]) from checkpoint, the shape in current model is torch.Size([64, 384, 1, 1]).
	size mismatch for blocks.3.3.bn3.weight: copying a param with shape torch.Size([80]) from checkpoint, the shape in current model is torch.Size([64]).
	size mismatch for blocks.3.3.bn3.bias: copying a param with shape torch.Size([80]) from checkpoint, the shape in current model is torch.Size([64]).
	size mismatch for blocks.3.3.bn3.running_mean: copying a param with shape torch.Size([80]) from checkpoint, the shape in current model is torch.Size([64]).
	size mismatch for blocks.3.3.bn3.running_var: copying a param with shape torch.Size([80]) from checkpoint, the shape in current model is torch.Size([64]).
	size mismatch for blocks.4.0.conv_pw.weight: copying a param with shape torch.Size([480, 80, 1, 1]) from checkpoint, the shape in current model is torch.Size([384, 64, 1, 1]).
	size mismatch for blocks.4.0.bn1.weight: copying a param with shape torch.Size([480]) from checkpoint, the shape in current model is torch.Size([384]).
	size mismatch for blocks.4.0.bn1.bias: copying a param with shape torch.Size([480]) from checkpoint, the shape in current model is torch.Size([384]).
	size mismatch for blocks.4.0.bn1.running_mean: copying a param with shape torch.Size([480]) from checkpoint, the shape in current model is torch.Size([384]).
	size mismatch for blocks.4.0.bn1.running_var: copying a param with shape torch.Size([480]) from checkpoint, the shape in current model is torch.Size([384]).
	size mismatch for blocks.4.0.conv_dw.weight: copying a param with shape torch.Size([480, 1, 3, 3]) from checkpoint, the shape in current model is torch.Size([384, 1, 3, 3]).
	size mismatch for blocks.4.0.bn2.weight: copying a param with shape torch.Size([480]) from checkpoint, the shape in current model is torch.Size([384]).
	size mismatch for blocks.4.0.bn2.bias: copying a param with shape torch.Size([480]) from checkpoint, the shape in current model is torch.Size([384]).
	size mismatch for blocks.4.0.bn2.running_mean: copying a param with shape torch.Size([480]) from checkpoint, the shape in current model is torch.Size([384]).
	size mismatch for blocks.4.0.bn2.running_var: copying a param with shape torch.Size([480]) from checkpoint, the shape in current model is torch.Size([384]).
	size mismatch for blocks.4.0.conv_pwl.weight: copying a param with shape torch.Size([112, 480, 1, 1]) from checkpoint, the shape in current model is torch.Size([96, 384, 1, 1]).
	size mismatch for blocks.4.0.bn3.weight: copying a param with shape torch.Size([112]) from checkpoint, the shape in current model is torch.Size([96]).
	size mismatch for blocks.4.0.bn3.bias: copying a param with shape torch.Size([112]) from checkpoint, the shape in current model is torch.Size([96]).
	size mismatch for blocks.4.0.bn3.running_mean: copying a param with shape torch.Size([112]) from checkpoint, the shape in current model is torch.Size([96]).
	size mismatch for blocks.4.0.bn3.running_var: copying a param with shape torch.Size([112]) from checkpoint, the shape in current model is torch.Size([96]).
	size mismatch for blocks.4.1.conv_pw.weight: copying a param with shape torch.Size([672, 112, 1, 1]) from checkpoint, the shape in current model is torch.Size([576, 96, 1, 1]).
	size mismatch for blocks.4.1.bn1.weight: copying a param with shape torch.Size([672]) from checkpoint, the shape in current model is torch.Size([576]).
	size mismatch for blocks.4.1.bn1.bias: copying a param with shape torch.Size([672]) from checkpoint, the shape in current model is torch.Size([576]).
	size mismatch for blocks.4.1.bn1.running_mean: copying a param with shape torch.Size([672]) from checkpoint, the shape in current model is torch.Size([576]).
	size mismatch for blocks.4.1.bn1.running_var: copying a param with shape torch.Size([672]) from checkpoint, the shape in current model is torch.Size([576]).
	size mismatch for blocks.4.1.conv_dw.weight: copying a param with shape torch.Size([672, 1, 3, 3]) from checkpoint, the shape in current model is torch.Size([576, 1, 3, 3]).
	size mismatch for blocks.4.1.bn2.weight: copying a param with shape torch.Size([672]) from checkpoint, the shape in current model is torch.Size([576]).
	size mismatch for blocks.4.1.bn2.bias: copying a param with shape torch.Size([672]) from checkpoint, the shape in current model is torch.Size([576]).
	size mismatch for blocks.4.1.bn2.running_mean: copying a param with shape torch.Size([672]) from checkpoint, the shape in current model is torch.Size([576]).
	size mismatch for blocks.4.1.bn2.running_var: copying a param with shape torch.Size([672]) from checkpoint, the shape in current model is torch.Size([576]).
	size mismatch for blocks.4.1.conv_pwl.weight: copying a param with shape torch.Size([112, 672, 1, 1]) from checkpoint, the shape in current model is torch.Size([96, 576, 1, 1]).
	size mismatch for blocks.4.1.bn3.weight: copying a param with shape torch.Size([112]) from checkpoint, the shape in current model is torch.Size([96]).
	size mismatch for blocks.4.1.bn3.bias: copying a param with shape torch.Size([112]) from checkpoint, the shape in current model is torch.Size([96]).
	size mismatch for blocks.4.1.bn3.running_mean: copying a param with shape torch.Size([112]) from checkpoint, the shape in current model is torch.Size([96]).
	size mismatch for blocks.4.1.bn3.running_var: copying a param with shape torch.Size([112]) from checkpoint, the shape in current model is torch.Size([96]).
	size mismatch for blocks.5.0.conv_pw.weight: copying a param with shape torch.Size([672, 112, 1, 1]) from checkpoint, the shape in current model is torch.Size([576, 96, 1, 1]).
	size mismatch for blocks.5.0.bn1.weight: copying a param with shape torch.Size([672]) from checkpoint, the shape in current model is torch.Size([576]).
	size mismatch for blocks.5.0.bn1.bias: copying a param with shape torch.Size([672]) from checkpoint, the shape in current model is torch.Size([576]).
	size mismatch for blocks.5.0.bn1.running_mean: copying a param with shape torch.Size([672]) from checkpoint, the shape in current model is torch.Size([576]).
	size mismatch for blocks.5.0.bn1.running_var: copying a param with shape torch.Size([672]) from checkpoint, the shape in current model is torch.Size([576]).
	size mismatch for blocks.5.0.conv_dw.weight: copying a param with shape torch.Size([672, 1, 5, 5]) from checkpoint, the shape in current model is torch.Size([576, 1, 3, 3]).
	size mismatch for blocks.5.0.bn2.weight: copying a param with shape torch.Size([672]) from checkpoint, the shape in current model is torch.Size([576]).
	size mismatch for blocks.5.0.bn2.bias: copying a param with shape torch.Size([672]) from checkpoint, the shape in current model is torch.Size([576]).
	size mismatch for blocks.5.0.bn2.running_mean: copying a param with shape torch.Size([672]) from checkpoint, the shape in current model is torch.Size([576]).
	size mismatch for blocks.5.0.bn2.running_var: copying a param with shape torch.Size([672]) from checkpoint, the shape in current model is torch.Size([576]).
	size mismatch for blocks.5.0.conv_pwl.weight: copying a param with shape torch.Size([160, 672, 1, 1]) from checkpoint, the shape in current model is torch.Size([160, 576, 1, 1]).
	size mismatch for blocks.5.1.conv_dw.weight: copying a param with shape torch.Size([960, 1, 5, 5]) from checkpoint, the shape in current model is torch.Size([960, 1, 3, 3]).
	size mismatch for blocks.5.2.conv_dw.weight: copying a param with shape torch.Size([960, 1, 5, 5]) from checkpoint, the shape in current model is torch.Size([960, 1, 3, 3]).
	size mismatch for conv_head.weight: copying a param with shape torch.Size([1280, 960, 1, 1]) from checkpoint, the shape in current model is torch.Size([1280, 320, 1, 1]).
2026-01-30 21:49:08,076 [INFO]     mobilenetv3_large_100 (timm) missing: 0, unexpected: 0
2026-01-30 21:49:08,076 [INFO]   Successfully loaded weights into mobilenet_v2
2026-01-30 21:49:08,085 [INFO] Evaluating...
2026-01-30 21:49:14,698 [INFO]   Batch 0/135
2026-01-30 21:49:28,754 [INFO]   Batch 10/135
2026-01-30 21:49:49,652 [INFO]   Batch 20/135
2026-01-30 21:50:06,370 [INFO]   Batch 30/135
2026-01-30 21:50:26,400 [INFO]   Batch 40/135
2026-01-30 21:50:42,020 [INFO]   Batch 50/135
2026-01-30 21:51:02,085 [INFO]   Batch 60/135
2026-01-30 21:51:20,111 [INFO]   Batch 70/135
2026-01-30 21:51:39,122 [INFO]   Batch 80/135
2026-01-30 21:51:57,272 [INFO]   Batch 90/135
2026-01-30 21:52:13,351 [INFO]   Batch 100/135
2026-01-30 21:52:33,318 [INFO]   Batch 110/135
2026-01-30 21:52:48,355 [INFO]   Batch 120/135
2026-01-30 21:53:10,187 [INFO]   Batch 130/135
2026-01-30 21:53:15,607 [INFO] 
Results: Acc=0.0130, AUC=0.4912
2026-01-30 21:53:15,607 [INFO] 
Classification Report:
              precision    recall  f1-score   support

          AP       0.01      1.00      0.03        56
          PA       0.00      0.00      0.00      4257

    accuracy                           0.01      4313
   macro avg       0.01      0.50      0.01      4313
weighted avg       0.00      0.01      0.00      4313

2026-01-30 21:53:15,607 [INFO] 
Confusion Matrix:
[[  56    0]
 [4257    0]]
