2026-01-28 21:58:33,605 [INFO] 
==================================================
2026-01-28 21:58:33,605 [INFO] Processing: xceptionfullyfinetunebestmodel.pth
2026-01-28 21:58:33,605 [INFO] ==================================================
2026-01-28 21:58:33,738 [INFO]   Checkpoint has 2 classes.
2026-01-28 21:58:33,890 [INFO]     xception (timm) missing: 0, unexpected: 0
2026-01-28 21:58:33,890 [INFO]   Successfully loaded weights into xception
2026-01-28 21:58:33,904 [INFO] Evaluating...
2026-01-28 21:58:37,792 [INFO]   Batch 0/143
2026-01-28 21:58:46,622 [INFO]   Batch 10/143
2026-01-28 21:58:57,838 [INFO]   Batch 20/143
2026-01-28 21:59:06,897 [INFO]   Batch 30/143
2026-01-28 21:59:19,623 [INFO]   Batch 40/143
2026-01-28 21:59:27,606 [INFO]   Batch 50/143
2026-01-28 21:59:40,217 [INFO]   Batch 60/143
2026-01-28 21:59:49,412 [INFO]   Batch 70/143
2026-01-28 22:00:01,795 [INFO]   Batch 80/143
2026-01-28 22:00:10,911 [INFO]   Batch 90/143
2026-01-28 22:00:23,939 [INFO]   Batch 100/143
2026-01-28 22:00:33,028 [INFO]   Batch 110/143
2026-01-28 22:00:46,134 [INFO]   Batch 120/143
2026-01-28 22:00:56,732 [INFO]   Batch 130/143
2026-01-28 22:01:09,724 [INFO]   Batch 140/143
2026-01-28 22:01:10,449 [INFO] 
Results: Acc=0.3196, AUC=0.5425
2026-01-28 22:01:10,449 [INFO] 
Classification Report:
              precision    recall  f1-score   support

      Normal       0.32      1.00      0.48      1456
    Abnormal       0.00      0.00      0.00      3099

    accuracy                           0.32      4555
   macro avg       0.16      0.50      0.24      4555
weighted avg       0.10      0.32      0.15      4555

2026-01-28 22:01:10,449 [INFO] 
Confusion Matrix:
[[1456    0]
 [3099    0]]
