2026-02-01 03:16:21,411 [INFO] 
==================================================
2026-02-01 03:16:21,411 [INFO] Processing: resnet50fullyfinetunebestmodel.pth
2026-02-01 03:16:21,411 [INFO] ==================================================
2026-02-01 03:16:21,547 [INFO]   Checkpoint has 2 classes.
2026-02-01 03:16:21,867 [INFO]     resnet50 (torchvision) missing: 0, unexpected: 0
2026-02-01 03:16:21,867 [INFO]   Successfully loaded weights into resnet50
2026-02-01 03:16:21,891 [INFO] Evaluating...
2026-02-01 03:16:22,166 [INFO]   Batch 0/135
2026-02-01 03:16:22,754 [INFO]   Batch 10/135
2026-02-01 03:16:23,348 [INFO]   Batch 20/135
2026-02-01 03:16:23,927 [INFO]   Batch 30/135
2026-02-01 03:16:24,515 [INFO]   Batch 40/135
2026-02-01 03:16:25,103 [INFO]   Batch 50/135
2026-02-01 03:16:25,687 [INFO]   Batch 60/135
2026-02-01 03:16:26,274 [INFO]   Batch 70/135
2026-02-01 03:16:26,881 [INFO]   Batch 80/135
2026-02-01 03:16:27,493 [INFO]   Batch 90/135
2026-02-01 03:16:28,093 [INFO]   Batch 100/135
2026-02-01 03:16:28,680 [INFO]   Batch 110/135
2026-02-01 03:16:29,264 [INFO]   Batch 120/135
2026-02-01 03:16:29,847 [INFO]   Batch 130/135
2026-02-01 03:16:30,120 [INFO] 
Results: Acc=0.9775, AUC=0.8923
2026-02-01 03:16:30,120 [INFO] 
Classification Report:
              precision    recall  f1-score   support

          AP       0.30      0.55      0.39        56
          PA       0.99      0.98      0.99      4257

    accuracy                           0.98      4313
   macro avg       0.65      0.77      0.69      4313
weighted avg       0.99      0.98      0.98      4313

2026-02-01 03:16:30,121 [INFO] 
Confusion Matrix:
[[  31   25]
 [  72 4185]]
