2026-01-28 22:04:07,372 [INFO] 
==================================================
2026-01-28 22:04:07,372 [INFO] Processing: radimagenet_resnet50_finetuned.pth
2026-01-28 22:04:07,372 [INFO] ==================================================
2026-01-28 22:04:07,468 [INFO]   Checkpoint has 2 classes.
2026-01-28 22:04:07,680 [INFO]     resnet50 (torchvision) missing: 0, unexpected: 0
2026-01-28 22:04:07,680 [INFO]   Successfully loaded weights into resnet50
2026-01-28 22:04:07,699 [INFO] Evaluating...
2026-01-28 22:04:12,039 [INFO]   Batch 0/143
2026-01-28 22:04:22,640 [INFO]   Batch 10/143
2026-01-28 22:04:36,086 [INFO]   Batch 20/143
2026-01-28 22:04:46,813 [INFO]   Batch 30/143
2026-01-28 22:05:01,346 [INFO]   Batch 40/143
2026-01-28 22:05:10,219 [INFO]   Batch 50/143
2026-01-28 22:05:23,810 [INFO]   Batch 60/143
2026-01-28 22:05:32,887 [INFO]   Batch 70/143
2026-01-28 22:05:46,390 [INFO]   Batch 80/143
2026-01-28 22:05:55,618 [INFO]   Batch 90/143
2026-01-28 22:06:08,835 [INFO]   Batch 100/143
2026-01-28 22:06:18,043 [INFO]   Batch 110/143
2026-01-28 22:06:30,860 [INFO]   Batch 120/143
2026-01-28 22:06:40,808 [INFO]   Batch 130/143
2026-01-28 22:06:54,084 [INFO]   Batch 140/143
2026-01-28 22:06:54,937 [INFO] 
Results: Acc=0.5774, AUC=0.5183
2026-01-28 22:06:54,937 [INFO] 
Classification Report:
              precision    recall  f1-score   support

      Normal       0.33      0.32      0.32      1456
    Abnormal       0.69      0.70      0.69      3099

    accuracy                           0.58      4555
   macro avg       0.51      0.51      0.51      4555
weighted avg       0.57      0.58      0.57      4555

2026-01-28 22:06:54,937 [INFO] 
Confusion Matrix:
[[ 459  997]
 [ 928 2171]]
