Training log
Epoch [1/30]
  Train Loss: 0.5014, Train Acc: 0.7641
  Val   Loss: 0.3887, Val   Acc: 0.8279
  Best model saved with val_loss: 0.3887
Epoch [2/30]
  Train Loss: 0.3629, Train Acc: 0.8542
  Val   Loss: 0.3081, Val   Acc: 0.8952
  Best model saved with val_loss: 0.3081
Epoch [3/30]
  Train Loss: 0.3246, Train Acc: 0.8711
  Val   Loss: 0.2999, Val   Acc: 0.8844
  Best model saved with val_loss: 0.2999
Epoch [4/30]
  Train Loss: 0.3033, Train Acc: 0.8805
  Val   Loss: 0.2690, Val   Acc: 0.9104
  Best model saved with val_loss: 0.2690
Epoch [5/30]
  Train Loss: 0.2864, Train Acc: 0.8893
  Val   Loss: 0.2514, Val   Acc: 0.9171
  Best model saved with val_loss: 0.2514
Epoch [6/30]
  Train Loss: 0.2726, Train Acc: 0.8951
  Val   Loss: 0.2558, Val   Acc: 0.9123
Epoch [7/30]
  Train Loss: 0.2587, Train Acc: 0.9019
  Val   Loss: 0.2412, Val   Acc: 0.9093
  Best model saved with val_loss: 0.2412
Epoch [8/30]
  Train Loss: 0.2558, Train Acc: 0.9017
  Val   Loss: 0.2302, Val   Acc: 0.9213
  Best model saved with val_loss: 0.2302
Epoch [9/30]
  Train Loss: 0.2486, Train Acc: 0.9056
  Val   Loss: 0.2429, Val   Acc: 0.9175
Epoch [10/30]
  Train Loss: 0.2392, Train Acc: 0.9099
  Val   Loss: 0.2167, Val   Acc: 0.9245
  Best model saved with val_loss: 0.2167
Epoch [11/30]
  Train Loss: 0.2463, Train Acc: 0.9057
  Val   Loss: 0.2153, Val   Acc: 0.9253
  Best model saved with val_loss: 0.2153
Epoch [12/30]
  Train Loss: 0.2338, Train Acc: 0.9129
  Val   Loss: 0.2630, Val   Acc: 0.8942
Epoch [13/30]
  Train Loss: 0.2389, Train Acc: 0.9104
  Val   Loss: 0.2636, Val   Acc: 0.9033
Epoch [14/30]
  Train Loss: 0.2318, Train Acc: 0.9130
  Val   Loss: 0.2093, Val   Acc: 0.9295
  Best model saved with val_loss: 0.2093
Epoch [15/30]
  Train Loss: 0.2251, Train Acc: 0.9160
  Val   Loss: 0.2047, Val   Acc: 0.9255
  Best model saved with val_loss: 0.2047
Epoch [16/30]
  Train Loss: 0.2318, Train Acc: 0.9121
  Val   Loss: 0.2670, Val   Acc: 0.8939
Epoch [17/30]
  Train Loss: 0.2279, Train Acc: 0.9146
  Val   Loss: 0.1970, Val   Acc: 0.9298
  Best model saved with val_loss: 0.1970
Epoch [18/30]
  Train Loss: 0.2266, Train Acc: 0.9154
  Val   Loss: 0.3041, Val   Acc: 0.8809
Epoch [19/30]
  Train Loss: 0.2270, Train Acc: 0.9152
  Val   Loss: 0.3332, Val   Acc: 0.8817
Epoch [20/30]
  Train Loss: 0.2211, Train Acc: 0.9184
  Val   Loss: 0.2166, Val   Acc: 0.9247
Epoch [21/30]
  Train Loss: 0.2153, Train Acc: 0.9196
  Val   Loss: 0.3031, Val   Acc: 0.8910
Epoch [22/30]
  Train Loss: 0.2157, Train Acc: 0.9210
  Val   Loss: 0.2050, Val   Acc: 0.9287
Epoch [23/30]
  Train Loss: 0.2167, Train Acc: 0.9192
  Val   Loss: 0.2073, Val   Acc: 0.9218
Epoch [24/30]
  Train Loss: 0.2165, Train Acc: 0.9193
  Val   Loss: 0.1935, Val   Acc: 0.9338
  Best model saved with val_loss: 0.1935
Epoch [25/30]
  Train Loss: 0.2116, Train Acc: 0.9213
  Val   Loss: 0.4424, Val   Acc: 0.8224
Epoch [26/30]
  Train Loss: 0.2110, Train Acc: 0.9220
  Val   Loss: 0.1911, Val   Acc: 0.9351
  Best model saved with val_loss: 0.1911
Epoch [27/30]
  Train Loss: 0.2166, Train Acc: 0.9199
  Val   Loss: 0.2614, Val   Acc: 0.9089
Epoch [28/30]
  Train Loss: 0.2103, Train Acc: 0.9231
  Val   Loss: 0.1899, Val   Acc: 0.9360
  Best model saved with val_loss: 0.1899
Epoch [29/30]
  Train Loss: 0.2149, Train Acc: 0.9206
  Val   Loss: 0.2046, Val   Acc: 0.9240
Epoch [30/30]
  Train Loss: 0.2125, Train Acc: 0.9221
  Val   Loss: 0.1864, Val   Acc: 0.9369
  Best model saved with val_loss: 0.1864
