2026-01-28 22:06:54,937 [INFO] 
==================================================
2026-01-28 22:06:54,937 [INFO] Processing: 512x512resnet50nofinetunebestmodel.pth
2026-01-28 22:06:54,937 [INFO] ==================================================
2026-01-28 22:06:55,032 [INFO]   Checkpoint has 2 classes.
2026-01-28 22:06:55,227 [INFO]     resnet50 (torchvision) missing: 0, unexpected: 0
2026-01-28 22:06:55,227 [INFO]   Successfully loaded weights into resnet50
2026-01-28 22:06:55,243 [INFO] Evaluating...
2026-01-28 22:06:59,100 [INFO]   Batch 0/143
2026-01-28 22:07:08,457 [INFO]   Batch 10/143
2026-01-28 22:07:20,376 [INFO]   Batch 20/143
2026-01-28 22:07:30,124 [INFO]   Batch 30/143
2026-01-28 22:07:43,661 [INFO]   Batch 40/143
2026-01-28 22:07:51,997 [INFO]   Batch 50/143
2026-01-28 22:08:04,802 [INFO]   Batch 60/143
2026-01-28 22:08:13,862 [INFO]   Batch 70/143
2026-01-28 22:08:26,744 [INFO]   Batch 80/143
2026-01-28 22:08:35,881 [INFO]   Batch 90/143
2026-01-28 22:08:48,802 [INFO]   Batch 100/143
2026-01-28 22:08:57,887 [INFO]   Batch 110/143
2026-01-28 22:09:10,464 [INFO]   Batch 120/143
2026-01-28 22:09:20,049 [INFO]   Batch 130/143
2026-01-28 22:09:33,038 [INFO]   Batch 140/143
2026-01-28 22:09:33,908 [INFO] 
Results: Acc=0.3216, AUC=0.5428
2026-01-28 22:09:33,908 [INFO] 
Classification Report:
              precision    recall  f1-score   support

      Normal       0.32      0.99      0.48      1456
    Abnormal       0.66      0.01      0.01      3099

    accuracy                           0.32      4555
   macro avg       0.49      0.50      0.25      4555
weighted avg       0.55      0.32      0.16      4555

2026-01-28 22:09:33,908 [INFO] 
Confusion Matrix:
[[1446   10]
 [3080   19]]
