2026-01-31 00:32:28,122 [INFO] 
==================================================
2026-01-31 00:32:28,122 [INFO] Processing: simclrv1fullyfinetunebestmodel.pth
2026-01-31 00:32:28,122 [INFO] ==================================================
2026-01-31 00:32:28,238 [INFO]   Checkpoint has 2 classes.
2026-01-31 00:32:28,523 [INFO]     resnet50 (torchvision) missing: 0, unexpected: 0
2026-01-31 00:32:28,524 [INFO]   Successfully loaded weights into resnet50
2026-01-31 00:32:28,542 [INFO] Evaluating...
2026-01-31 00:32:35,848 [INFO]   Batch 0/135
2026-01-31 00:32:51,282 [INFO]   Batch 10/135
2026-01-31 00:33:15,268 [INFO]   Batch 20/135
2026-01-31 00:33:34,010 [INFO]   Batch 30/135
2026-01-31 00:33:57,855 [INFO]   Batch 40/135
2026-01-31 00:34:16,197 [INFO]   Batch 50/135
2026-01-31 00:34:38,167 [INFO]   Batch 60/135
2026-01-31 00:34:58,050 [INFO]   Batch 70/135
2026-01-31 00:35:20,676 [INFO]   Batch 80/135
2026-01-31 00:35:39,792 [INFO]   Batch 90/135
2026-01-31 00:35:58,455 [INFO]   Batch 100/135
2026-01-31 00:36:20,918 [INFO]   Batch 110/135
2026-01-31 00:36:39,685 [INFO]   Batch 120/135
2026-01-31 00:37:03,906 [INFO]   Batch 130/135
2026-01-31 00:37:10,151 [INFO] 
Results: Acc=0.0130, AUC=0.9321
2026-01-31 00:37:10,151 [INFO] 
Classification Report:
              precision    recall  f1-score   support

          AP       0.01      1.00      0.03        56
          PA       0.00      0.00      0.00      4257

    accuracy                           0.01      4313
   macro avg       0.01      0.50      0.01      4313
weighted avg       0.00      0.01      0.00      4313

2026-01-31 00:37:10,151 [INFO] 
Confusion Matrix:
[[  56    0]
 [4257    0]]
