2026-01-28 22:19:52,666 [INFO] 
==================================================
2026-01-28 22:19:52,666 [INFO] Processing: mobilenetfullyfinetunebestmodel.pth
2026-01-28 22:19:52,666 [INFO] ==================================================
2026-01-28 22:19:52,708 [INFO]   Checkpoint has 2 classes.
2026-01-28 22:19:52,733 [INFO]     mobilenet_v2 (torchvision) missing: 262, unexpected: 312
2026-01-28 22:19:52,756 [INFO]     Timm error for mobilenetv2_100: Error(s) in loading state_dict for EfficientNet:
	size mismatch for conv_stem.weight: copying a param with shape torch.Size([16, 3, 3, 3]) from checkpoint, the shape in current model is torch.Size([32, 3, 3, 3]).
	size mismatch for bn1.weight: copying a param with shape torch.Size([16]) from checkpoint, the shape in current model is torch.Size([32]).
	size mismatch for bn1.bias: copying a param with shape torch.Size([16]) from checkpoint, the shape in current model is torch.Size([32]).
	size mismatch for bn1.running_mean: copying a param with shape torch.Size([16]) from checkpoint, the shape in current model is torch.Size([32]).
	size mismatch for bn1.running_var: copying a param with shape torch.Size([16]) from checkpoint, the shape in current model is torch.Size([32]).
	size mismatch for blocks.0.0.conv_dw.weight: copying a param with shape torch.Size([16, 1, 3, 3]) from checkpoint, the shape in current model is torch.Size([32, 1, 3, 3]).
	size mismatch for blocks.0.0.bn1.weight: copying a param with shape torch.Size([16]) from checkpoint, the shape in current model is torch.Size([32]).
	size mismatch for blocks.0.0.bn1.bias: copying a param with shape torch.Size([16]) from checkpoint, the shape in current model is torch.Size([32]).
	size mismatch for blocks.0.0.bn1.running_mean: copying a param with shape torch.Size([16]) from checkpoint, the shape in current model is torch.Size([32]).
	size mismatch for blocks.0.0.bn1.running_var: copying a param with shape torch.Size([16]) from checkpoint, the shape in current model is torch.Size([32]).
	size mismatch for blocks.0.0.conv_pw.weight: copying a param with shape torch.Size([16, 16, 1, 1]) from checkpoint, the shape in current model is torch.Size([16, 32, 1, 1]).
	size mismatch for blocks.1.0.conv_pw.weight: copying a param with shape torch.Size([64, 16, 1, 1]) from checkpoint, the shape in current model is torch.Size([96, 16, 1, 1]).
	size mismatch for blocks.1.0.bn1.weight: copying a param with shape torch.Size([64]) from checkpoint, the shape in current model is torch.Size([96]).
	size mismatch for blocks.1.0.bn1.bias: copying a param with shape torch.Size([64]) from checkpoint, the shape in current model is torch.Size([96]).
	size mismatch for blocks.1.0.bn1.running_mean: copying a param with shape torch.Size([64]) from checkpoint, the shape in current model is torch.Size([96]).
	size mismatch for blocks.1.0.bn1.running_var: copying a param with shape torch.Size([64]) from checkpoint, the shape in current model is torch.Size([96]).
	size mismatch for blocks.1.0.conv_dw.weight: copying a param with shape torch.Size([64, 1, 3, 3]) from checkpoint, the shape in current model is torch.Size([96, 1, 3, 3]).
	size mismatch for blocks.1.0.bn2.weight: copying a param with shape torch.Size([64]) from checkpoint, the shape in current model is torch.Size([96]).
	size mismatch for blocks.1.0.bn2.bias: copying a param with shape torch.Size([64]) from checkpoint, the shape in current model is torch.Size([96]).
	size mismatch for blocks.1.0.bn2.running_mean: copying a param with shape torch.Size([64]) from checkpoint, the shape in current model is torch.Size([96]).
	size mismatch for blocks.1.0.bn2.running_var: copying a param with shape torch.Size([64]) from checkpoint, the shape in current model is torch.Size([96]).
	size mismatch for blocks.1.0.conv_pwl.weight: copying a param with shape torch.Size([24, 64, 1, 1]) from checkpoint, the shape in current model is torch.Size([24, 96, 1, 1]).
	size mismatch for blocks.1.1.conv_pw.weight: copying a param with shape torch.Size([72, 24, 1, 1]) from checkpoint, the shape in current model is torch.Size([144, 24, 1, 1]).
	size mismatch for blocks.1.1.bn1.weight: copying a param with shape torch.Size([72]) from checkpoint, the shape in current model is torch.Size([144]).
	size mismatch for blocks.1.1.bn1.bias: copying a param with shape torch.Size([72]) from checkpoint, the shape in current model is torch.Size([144]).
	size mismatch for blocks.1.1.bn1.running_mean: copying a param with shape torch.Size([72]) from checkpoint, the shape in current model is torch.Size([144]).
	size mismatch for blocks.1.1.bn1.running_var: copying a param with shape torch.Size([72]) from checkpoint, the shape in current model is torch.Size([144]).
	size mismatch for blocks.1.1.conv_dw.weight: copying a param with shape torch.Size([72, 1, 3, 3]) from checkpoint, the shape in current model is torch.Size([144, 1, 3, 3]).
	size mismatch for blocks.1.1.bn2.weight: copying a param with shape torch.Size([72]) from checkpoint, the shape in current model is torch.Size([144]).
	size mismatch for blocks.1.1.bn2.bias: copying a param with shape torch.Size([72]) from checkpoint, the shape in current model is torch.Size([144]).
	size mismatch for blocks.1.1.bn2.running_mean: copying a param with shape torch.Size([72]) from checkpoint, the shape in current model is torch.Size([144]).
	size mismatch for blocks.1.1.bn2.running_var: copying a param with shape torch.Size([72]) from checkpoint, the shape in current model is torch.Size([144]).
	size mismatch for blocks.1.1.conv_pwl.weight: copying a param with shape torch.Size([24, 72, 1, 1]) from checkpoint, the shape in current model is torch.Size([24, 144, 1, 1]).
	size mismatch for blocks.2.0.conv_pw.weight: copying a param with shape torch.Size([72, 24, 1, 1]) from checkpoint, the shape in current model is torch.Size([144, 24, 1, 1]).
	size mismatch for blocks.2.0.bn1.weight: copying a param with shape torch.Size([72]) from checkpoint, the shape in current model is torch.Size([144]).
	size mismatch for blocks.2.0.bn1.bias: copying a param with shape torch.Size([72]) from checkpoint, the shape in current model is torch.Size([144]).
	size mismatch for blocks.2.0.bn1.running_mean: copying a param with shape torch.Size([72]) from checkpoint, the shape in current model is torch.Size([144]).
	size mismatch for blocks.2.0.bn1.running_var: copying a param with shape torch.Size([72]) from checkpoint, the shape in current model is torch.Size([144]).
	size mismatch for blocks.2.0.conv_dw.weight: copying a param with shape torch.Size([72, 1, 5, 5]) from checkpoint, the shape in current model is torch.Size([144, 1, 3, 3]).
	size mismatch for blocks.2.0.bn2.weight: copying a param with shape torch.Size([72]) from checkpoint, the shape in current model is torch.Size([144]).
	size mismatch for blocks.2.0.bn2.bias: copying a param with shape torch.Size([72]) from checkpoint, the shape in current model is torch.Size([144]).
	size mismatch for blocks.2.0.bn2.running_mean: copying a param with shape torch.Size([72]) from checkpoint, the shape in current model is torch.Size([144]).
	size mismatch for blocks.2.0.bn2.running_var: copying a param with shape torch.Size([72]) from checkpoint, the shape in current model is torch.Size([144]).
	size mismatch for blocks.2.0.conv_pwl.weight: copying a param with shape torch.Size([40, 72, 1, 1]) from checkpoint, the shape in current model is torch.Size([32, 144, 1, 1]).
	size mismatch for blocks.2.0.bn3.weight: copying a param with shape torch.Size([40]) from checkpoint, the shape in current model is torch.Size([32]).
	size mismatch for blocks.2.0.bn3.bias: copying a param with shape torch.Size([40]) from checkpoint, the shape in current model is torch.Size([32]).
	size mismatch for blocks.2.0.bn3.running_mean: copying a param with shape torch.Size([40]) from checkpoint, the shape in current model is torch.Size([32]).
	size mismatch for blocks.2.0.bn3.running_var: copying a param with shape torch.Size([40]) from checkpoint, the shape in current model is torch.Size([32]).
	size mismatch for blocks.2.1.conv_pw.weight: copying a param with shape torch.Size([120, 40, 1, 1]) from checkpoint, the shape in current model is torch.Size([192, 32, 1, 1]).
	size mismatch for blocks.2.1.bn1.weight: copying a param with shape torch.Size([120]) from checkpoint, the shape in current model is torch.Size([192]).
	size mismatch for blocks.2.1.bn1.bias: copying a param with shape torch.Size([120]) from checkpoint, the shape in current model is torch.Size([192]).
	size mismatch for blocks.2.1.bn1.running_mean: copying a param with shape torch.Size([120]) from checkpoint, the shape in current model is torch.Size([192]).
	size mismatch for blocks.2.1.bn1.running_var: copying a param with shape torch.Size([120]) from checkpoint, the shape in current model is torch.Size([192]).
	size mismatch for blocks.2.1.conv_dw.weight: copying a param with shape torch.Size([120, 1, 5, 5]) from checkpoint, the shape in current model is torch.Size([192, 1, 3, 3]).
	size mismatch for blocks.2.1.bn2.weight: copying a param with shape torch.Size([120]) from checkpoint, the shape in current model is torch.Size([192]).
	size mismatch for blocks.2.1.bn2.bias: copying a param with shape torch.Size([120]) from checkpoint, the shape in current model is torch.Size([192]).
	size mismatch for blocks.2.1.bn2.running_mean: copying a param with shape torch.Size([120]) from checkpoint, the shape in current model is torch.Size([192]).
	size mismatch for blocks.2.1.bn2.running_var: copying a param with shape torch.Size([120]) from checkpoint, the shape in current model is torch.Size([192]).
	size mismatch for blocks.2.1.conv_pwl.weight: copying a param with shape torch.Size([40, 120, 1, 1]) from checkpoint, the shape in current model is torch.Size([32, 192, 1, 1]).
	size mismatch for blocks.2.1.bn3.weight: copying a param with shape torch.Size([40]) from checkpoint, the shape in current model is torch.Size([32]).
	size mismatch for blocks.2.1.bn3.bias: copying a param with shape torch.Size([40]) from checkpoint, the shape in current model is torch.Size([32]).
	size mismatch for blocks.2.1.bn3.running_mean: copying a param with shape torch.Size([40]) from checkpoint, the shape in current model is torch.Size([32]).
	size mismatch for blocks.2.1.bn3.running_var: copying a param with shape torch.Size([40]) from checkpoint, the shape in current model is torch.Size([32]).
	size mismatch for blocks.2.2.conv_pw.weight: copying a param with shape torch.Size([120, 40, 1, 1]) from checkpoint, the shape in current model is torch.Size([192, 32, 1, 1]).
	size mismatch for blocks.2.2.bn1.weight: copying a param with shape torch.Size([120]) from checkpoint, the shape in current model is torch.Size([192]).
	size mismatch for blocks.2.2.bn1.bias: copying a param with shape torch.Size([120]) from checkpoint, the shape in current model is torch.Size([192]).
	size mismatch for blocks.2.2.bn1.running_mean: copying a param with shape torch.Size([120]) from checkpoint, the shape in current model is torch.Size([192]).
	size mismatch for blocks.2.2.bn1.running_var: copying a param with shape torch.Size([120]) from checkpoint, the shape in current model is torch.Size([192]).
	size mismatch for blocks.2.2.conv_dw.weight: copying a param with shape torch.Size([120, 1, 5, 5]) from checkpoint, the shape in current model is torch.Size([192, 1, 3, 3]).
	size mismatch for blocks.2.2.bn2.weight: copying a param with shape torch.Size([120]) from checkpoint, the shape in current model is torch.Size([192]).
	size mismatch for blocks.2.2.bn2.bias: copying a param with shape torch.Size([120]) from checkpoint, the shape in current model is torch.Size([192]).
	size mismatch for blocks.2.2.bn2.running_mean: copying a param with shape torch.Size([120]) from checkpoint, the shape in current model is torch.Size([192]).
	size mismatch for blocks.2.2.bn2.running_var: copying a param with shape torch.Size([120]) from checkpoint, the shape in current model is torch.Size([192]).
	size mismatch for blocks.2.2.conv_pwl.weight: copying a param with shape torch.Size([40, 120, 1, 1]) from checkpoint, the shape in current model is torch.Size([32, 192, 1, 1]).
	size mismatch for blocks.2.2.bn3.weight: copying a param with shape torch.Size([40]) from checkpoint, the shape in current model is torch.Size([32]).
	size mismatch for blocks.2.2.bn3.bias: copying a param with shape torch.Size([40]) from checkpoint, the shape in current model is torch.Size([32]).
	size mismatch for blocks.2.2.bn3.running_mean: copying a param with shape torch.Size([40]) from checkpoint, the shape in current model is torch.Size([32]).
	size mismatch for blocks.2.2.bn3.running_var: copying a param with shape torch.Size([40]) from checkpoint, the shape in current model is torch.Size([32]).
	size mismatch for blocks.3.0.conv_pw.weight: copying a param with shape torch.Size([240, 40, 1, 1]) from checkpoint, the shape in current model is torch.Size([192, 32, 1, 1]).
	size mismatch for blocks.3.0.bn1.weight: copying a param with shape torch.Size([240]) from checkpoint, the shape in current model is torch.Size([192]).
	size mismatch for blocks.3.0.bn1.bias: copying a param with shape torch.Size([240]) from checkpoint, the shape in current model is torch.Size([192]).
	size mismatch for blocks.3.0.bn1.running_mean: copying a param with shape torch.Size([240]) from checkpoint, the shape in current model is torch.Size([192]).
	size mismatch for blocks.3.0.bn1.running_var: copying a param with shape torch.Size([240]) from checkpoint, the shape in current model is torch.Size([192]).
	size mismatch for blocks.3.0.conv_dw.weight: copying a param with shape torch.Size([240, 1, 3, 3]) from checkpoint, the shape in current model is torch.Size([192, 1, 3, 3]).
	size mismatch for blocks.3.0.bn2.weight: copying a param with shape torch.Size([240]) from checkpoint, the shape in current model is torch.Size([192]).
	size mismatch for blocks.3.0.bn2.bias: copying a param with shape torch.Size([240]) from checkpoint, the shape in current model is torch.Size([192]).
	size mismatch for blocks.3.0.bn2.running_mean: copying a param with shape torch.Size([240]) from checkpoint, the shape in current model is torch.Size([192]).
	size mismatch for blocks.3.0.bn2.running_var: copying a param with shape torch.Size([240]) from checkpoint, the shape in current model is torch.Size([192]).
	size mismatch for blocks.3.0.conv_pwl.weight: copying a param with shape torch.Size([80, 240, 1, 1]) from checkpoint, the shape in current model is torch.Size([64, 192, 1, 1]).
	size mismatch for blocks.3.0.bn3.weight: copying a param with shape torch.Size([80]) from checkpoint, the shape in current model is torch.Size([64]).
	size mismatch for blocks.3.0.bn3.bias: copying a param with shape torch.Size([80]) from checkpoint, the shape in current model is torch.Size([64]).
	size mismatch for blocks.3.0.bn3.running_mean: copying a param with shape torch.Size([80]) from checkpoint, the shape in current model is torch.Size([64]).
	size mismatch for blocks.3.0.bn3.running_var: copying a param with shape torch.Size([80]) from checkpoint, the shape in current model is torch.Size([64]).
	size mismatch for blocks.3.1.conv_pw.weight: copying a param with shape torch.Size([200, 80, 1, 1]) from checkpoint, the shape in current model is torch.Size([384, 64, 1, 1]).
	size mismatch for blocks.3.1.bn1.weight: copying a param with shape torch.Size([200]) from checkpoint, the shape in current model is torch.Size([384]).
	size mismatch for blocks.3.1.bn1.bias: copying a param with shape torch.Size([200]) from checkpoint, the shape in current model is torch.Size([384]).
	size mismatch for blocks.3.1.bn1.running_mean: copying a param with shape torch.Size([200]) from checkpoint, the shape in current model is torch.Size([384]).
	size mismatch for blocks.3.1.bn1.running_var: copying a param with shape torch.Size([200]) from checkpoint, the shape in current model is torch.Size([384]).
	size mismatch for blocks.3.1.conv_dw.weight: copying a param with shape torch.Size([200, 1, 3, 3]) from checkpoint, the shape in current model is torch.Size([384, 1, 3, 3]).
	size mismatch for blocks.3.1.bn2.weight: copying a param with shape torch.Size([200]) from checkpoint, the shape in current model is torch.Size([384]).
	size mismatch for blocks.3.1.bn2.bias: copying a param with shape torch.Size([200]) from checkpoint, the shape in current model is torch.Size([384]).
	size mismatch for blocks.3.1.bn2.running_mean: copying a param with shape torch.Size([200]) from checkpoint, the shape in current model is torch.Size([384]).
	size mismatch for blocks.3.1.bn2.running_var: copying a param with shape torch.Size([200]) from checkpoint, the shape in current model is torch.Size([384]).
	size mismatch for blocks.3.1.conv_pwl.weight: copying a param with shape torch.Size([80, 200, 1, 1]) from checkpoint, the shape in current model is torch.Size([64, 384, 1, 1]).
	size mismatch for blocks.3.1.bn3.weight: copying a param with shape torch.Size([80]) from checkpoint, the shape in current model is torch.Size([64]).
	size mismatch for blocks.3.1.bn3.bias: copying a param with shape torch.Size([80]) from checkpoint, the shape in current model is torch.Size([64]).
	size mismatch for blocks.3.1.bn3.running_mean: copying a param with shape torch.Size([80]) from checkpoint, the shape in current model is torch.Size([64]).
	size mismatch for blocks.3.1.bn3.running_var: copying a param with shape torch.Size([80]) from checkpoint, the shape in current model is torch.Size([64]).
	size mismatch for blocks.3.2.conv_pw.weight: copying a param with shape torch.Size([184, 80, 1, 1]) from checkpoint, the shape in current model is torch.Size([384, 64, 1, 1]).
	size mismatch for blocks.3.2.bn1.weight: copying a param with shape torch.Size([184]) from checkpoint, the shape in current model is torch.Size([384]).
	size mismatch for blocks.3.2.bn1.bias: copying a param with shape torch.Size([184]) from checkpoint, the shape in current model is torch.Size([384]).
	size mismatch for blocks.3.2.bn1.running_mean: copying a param with shape torch.Size([184]) from checkpoint, the shape in current model is torch.Size([384]).
	size mismatch for blocks.3.2.bn1.running_var: copying a param with shape torch.Size([184]) from checkpoint, the shape in current model is torch.Size([384]).
	size mismatch for blocks.3.2.conv_dw.weight: copying a param with shape torch.Size([184, 1, 3, 3]) from checkpoint, the shape in current model is torch.Size([384, 1, 3, 3]).
	size mismatch for blocks.3.2.bn2.weight: copying a param with shape torch.Size([184]) from checkpoint, the shape in current model is torch.Size([384]).
	size mismatch for blocks.3.2.bn2.bias: copying a param with shape torch.Size([184]) from checkpoint, the shape in current model is torch.Size([384]).
	size mismatch for blocks.3.2.bn2.running_mean: copying a param with shape torch.Size([184]) from checkpoint, the shape in current model is torch.Size([384]).
	size mismatch for blocks.3.2.bn2.running_var: copying a param with shape torch.Size([184]) from checkpoint, the shape in current model is torch.Size([384]).
	size mismatch for blocks.3.2.conv_pwl.weight: copying a param with shape torch.Size([80, 184, 1, 1]) from checkpoint, the shape in current model is torch.Size([64, 384, 1, 1]).
	size mismatch for blocks.3.2.bn3.weight: copying a param with shape torch.Size([80]) from checkpoint, the shape in current model is torch.Size([64]).
	size mismatch for blocks.3.2.bn3.bias: copying a param with shape torch.Size([80]) from checkpoint, the shape in current model is torch.Size([64]).
	size mismatch for blocks.3.2.bn3.running_mean: copying a param with shape torch.Size([80]) from checkpoint, the shape in current model is torch.Size([64]).
	size mismatch for blocks.3.2.bn3.running_var: copying a param with shape torch.Size([80]) from checkpoint, the shape in current model is torch.Size([64]).
	size mismatch for blocks.3.3.conv_pw.weight: copying a param with shape torch.Size([184, 80, 1, 1]) from checkpoint, the shape in current model is torch.Size([384, 64, 1, 1]).
	size mismatch for blocks.3.3.bn1.weight: copying a param with shape torch.Size([184]) from checkpoint, the shape in current model is torch.Size([384]).
	size mismatch for blocks.3.3.bn1.bias: copying a param with shape torch.Size([184]) from checkpoint, the shape in current model is torch.Size([384]).
	size mismatch for blocks.3.3.bn1.running_mean: copying a param with shape torch.Size([184]) from checkpoint, the shape in current model is torch.Size([384]).
	size mismatch for blocks.3.3.bn1.running_var: copying a param with shape torch.Size([184]) from checkpoint, the shape in current model is torch.Size([384]).
	size mismatch for blocks.3.3.conv_dw.weight: copying a param with shape torch.Size([184, 1, 3, 3]) from checkpoint, the shape in current model is torch.Size([384, 1, 3, 3]).
	size mismatch for blocks.3.3.bn2.weight: copying a param with shape torch.Size([184]) from checkpoint, the shape in current model is torch.Size([384]).
	size mismatch for blocks.3.3.bn2.bias: copying a param with shape torch.Size([184]) from checkpoint, the shape in current model is torch.Size([384]).
	size mismatch for blocks.3.3.bn2.running_mean: copying a param with shape torch.Size([184]) from checkpoint, the shape in current model is torch.Size([384]).
	size mismatch for blocks.3.3.bn2.running_var: copying a param with shape torch.Size([184]) from checkpoint, the shape in current model is torch.Size([384]).
	size mismatch for blocks.3.3.conv_pwl.weight: copying a param with shape torch.Size([80, 184, 1, 1]) from checkpoint, the shape in current model is torch.Size([64, 384, 1, 1]).
	size mismatch for blocks.3.3.bn3.weight: copying a param with shape torch.Size([80]) from checkpoint, the shape in current model is torch.Size([64]).
	size mismatch for blocks.3.3.bn3.bias: copying a param with shape torch.Size([80]) from checkpoint, the shape in current model is torch.Size([64]).
	size mismatch for blocks.3.3.bn3.running_mean: copying a param with shape torch.Size([80]) from checkpoint, the shape in current model is torch.Size([64]).
	size mismatch for blocks.3.3.bn3.running_var: copying a param with shape torch.Size([80]) from checkpoint, the shape in current model is torch.Size([64]).
	size mismatch for blocks.4.0.conv_pw.weight: copying a param with shape torch.Size([480, 80, 1, 1]) from checkpoint, the shape in current model is torch.Size([384, 64, 1, 1]).
	size mismatch for blocks.4.0.bn1.weight: copying a param with shape torch.Size([480]) from checkpoint, the shape in current model is torch.Size([384]).
	size mismatch for blocks.4.0.bn1.bias: copying a param with shape torch.Size([480]) from checkpoint, the shape in current model is torch.Size([384]).
	size mismatch for blocks.4.0.bn1.running_mean: copying a param with shape torch.Size([480]) from checkpoint, the shape in current model is torch.Size([384]).
	size mismatch for blocks.4.0.bn1.running_var: copying a param with shape torch.Size([480]) from checkpoint, the shape in current model is torch.Size([384]).
	size mismatch for blocks.4.0.conv_dw.weight: copying a param with shape torch.Size([480, 1, 3, 3]) from checkpoint, the shape in current model is torch.Size([384, 1, 3, 3]).
	size mismatch for blocks.4.0.bn2.weight: copying a param with shape torch.Size([480]) from checkpoint, the shape in current model is torch.Size([384]).
	size mismatch for blocks.4.0.bn2.bias: copying a param with shape torch.Size([480]) from checkpoint, the shape in current model is torch.Size([384]).
	size mismatch for blocks.4.0.bn2.running_mean: copying a param with shape torch.Size([480]) from checkpoint, the shape in current model is torch.Size([384]).
	size mismatch for blocks.4.0.bn2.running_var: copying a param with shape torch.Size([480]) from checkpoint, the shape in current model is torch.Size([384]).
	size mismatch for blocks.4.0.conv_pwl.weight: copying a param with shape torch.Size([112, 480, 1, 1]) from checkpoint, the shape in current model is torch.Size([96, 384, 1, 1]).
	size mismatch for blocks.4.0.bn3.weight: copying a param with shape torch.Size([112]) from checkpoint, the shape in current model is torch.Size([96]).
	size mismatch for blocks.4.0.bn3.bias: copying a param with shape torch.Size([112]) from checkpoint, the shape in current model is torch.Size([96]).
	size mismatch for blocks.4.0.bn3.running_mean: copying a param with shape torch.Size([112]) from checkpoint, the shape in current model is torch.Size([96]).
	size mismatch for blocks.4.0.bn3.running_var: copying a param with shape torch.Size([112]) from checkpoint, the shape in current model is torch.Size([96]).
	size mismatch for blocks.4.1.conv_pw.weight: copying a param with shape torch.Size([672, 112, 1, 1]) from checkpoint, the shape in current model is torch.Size([576, 96, 1, 1]).
	size mismatch for blocks.4.1.bn1.weight: copying a param with shape torch.Size([672]) from checkpoint, the shape in current model is torch.Size([576]).
	size mismatch for blocks.4.1.bn1.bias: copying a param with shape torch.Size([672]) from checkpoint, the shape in current model is torch.Size([576]).
	size mismatch for blocks.4.1.bn1.running_mean: copying a param with shape torch.Size([672]) from checkpoint, the shape in current model is torch.Size([576]).
	size mismatch for blocks.4.1.bn1.running_var: copying a param with shape torch.Size([672]) from checkpoint, the shape in current model is torch.Size([576]).
	size mismatch for blocks.4.1.conv_dw.weight: copying a param with shape torch.Size([672, 1, 3, 3]) from checkpoint, the shape in current model is torch.Size([576, 1, 3, 3]).
	size mismatch for blocks.4.1.bn2.weight: copying a param with shape torch.Size([672]) from checkpoint, the shape in current model is torch.Size([576]).
	size mismatch for blocks.4.1.bn2.bias: copying a param with shape torch.Size([672]) from checkpoint, the shape in current model is torch.Size([576]).
	size mismatch for blocks.4.1.bn2.running_mean: copying a param with shape torch.Size([672]) from checkpoint, the shape in current model is torch.Size([576]).
	size mismatch for blocks.4.1.bn2.running_var: copying a param with shape torch.Size([672]) from checkpoint, the shape in current model is torch.Size([576]).
	size mismatch for blocks.4.1.conv_pwl.weight: copying a param with shape torch.Size([112, 672, 1, 1]) from checkpoint, the shape in current model is torch.Size([96, 576, 1, 1]).
	size mismatch for blocks.4.1.bn3.weight: copying a param with shape torch.Size([112]) from checkpoint, the shape in current model is torch.Size([96]).
	size mismatch for blocks.4.1.bn3.bias: copying a param with shape torch.Size([112]) from checkpoint, the shape in current model is torch.Size([96]).
	size mismatch for blocks.4.1.bn3.running_mean: copying a param with shape torch.Size([112]) from checkpoint, the shape in current model is torch.Size([96]).
	size mismatch for blocks.4.1.bn3.running_var: copying a param with shape torch.Size([112]) from checkpoint, the shape in current model is torch.Size([96]).
	size mismatch for blocks.5.0.conv_pw.weight: copying a param with shape torch.Size([672, 112, 1, 1]) from checkpoint, the shape in current model is torch.Size([576, 96, 1, 1]).
	size mismatch for blocks.5.0.bn1.weight: copying a param with shape torch.Size([672]) from checkpoint, the shape in current model is torch.Size([576]).
	size mismatch for blocks.5.0.bn1.bias: copying a param with shape torch.Size([672]) from checkpoint, the shape in current model is torch.Size([576]).
	size mismatch for blocks.5.0.bn1.running_mean: copying a param with shape torch.Size([672]) from checkpoint, the shape in current model is torch.Size([576]).
	size mismatch for blocks.5.0.bn1.running_var: copying a param with shape torch.Size([672]) from checkpoint, the shape in current model is torch.Size([576]).
	size mismatch for blocks.5.0.conv_dw.weight: copying a param with shape torch.Size([672, 1, 5, 5]) from checkpoint, the shape in current model is torch.Size([576, 1, 3, 3]).
	size mismatch for blocks.5.0.bn2.weight: copying a param with shape torch.Size([672]) from checkpoint, the shape in current model is torch.Size([576]).
	size mismatch for blocks.5.0.bn2.bias: copying a param with shape torch.Size([672]) from checkpoint, the shape in current model is torch.Size([576]).
	size mismatch for blocks.5.0.bn2.running_mean: copying a param with shape torch.Size([672]) from checkpoint, the shape in current model is torch.Size([576]).
	size mismatch for blocks.5.0.bn2.running_var: copying a param with shape torch.Size([672]) from checkpoint, the shape in current model is torch.Size([576]).
	size mismatch for blocks.5.0.conv_pwl.weight: copying a param with shape torch.Size([160, 672, 1, 1]) from checkpoint, the shape in current model is torch.Size([160, 576, 1, 1]).
	size mismatch for blocks.5.1.conv_dw.weight: copying a param with shape torch.Size([960, 1, 5, 5]) from checkpoint, the shape in current model is torch.Size([960, 1, 3, 3]).
	size mismatch for blocks.5.2.conv_dw.weight: copying a param with shape torch.Size([960, 1, 5, 5]) from checkpoint, the shape in current model is torch.Size([960, 1, 3, 3]).
	size mismatch for conv_head.weight: copying a param with shape torch.Size([1280, 960, 1, 1]) from checkpoint, the shape in current model is torch.Size([1280, 320, 1, 1]).
2026-01-28 22:19:52,793 [INFO]     mobilenetv3_large_100 (timm) missing: 0, unexpected: 0
2026-01-28 22:19:52,793 [INFO]   Successfully loaded weights into mobilenet_v2
2026-01-28 22:19:52,799 [INFO] Evaluating...
2026-01-28 22:19:56,306 [INFO]   Batch 0/143
2026-01-28 22:20:04,715 [INFO]   Batch 10/143
2026-01-28 22:20:16,004 [INFO]   Batch 20/143
2026-01-28 22:20:25,085 [INFO]   Batch 30/143
2026-01-28 22:20:37,575 [INFO]   Batch 40/143
2026-01-28 22:20:45,092 [INFO]   Batch 50/143
2026-01-28 22:20:56,972 [INFO]   Batch 60/143
2026-01-28 22:21:05,657 [INFO]   Batch 70/143
2026-01-28 22:21:17,824 [INFO]   Batch 80/143
2026-01-28 22:21:26,464 [INFO]   Batch 90/143
2026-01-28 22:21:38,073 [INFO]   Batch 100/143
2026-01-28 22:21:46,543 [INFO]   Batch 110/143
2026-01-28 22:21:57,984 [INFO]   Batch 120/143
2026-01-28 22:22:07,163 [INFO]   Batch 130/143
2026-01-28 22:22:19,047 [INFO]   Batch 140/143
2026-01-28 22:22:19,945 [INFO] 
Results: Acc=0.3196, AUC=0.5124
2026-01-28 22:22:19,945 [INFO] 
Classification Report:
              precision    recall  f1-score   support

      Normal       0.32      1.00      0.48      1456
    Abnormal       0.00      0.00      0.00      3099

    accuracy                           0.32      4555
   macro avg       0.16      0.50      0.24      4555
weighted avg       0.10      0.32      0.15      4555

2026-01-28 22:22:19,945 [INFO] 
Confusion Matrix:
[[1456    0]
 [3099    0]]
