2026-01-30 21:24:04,489 [INFO] 
==================================================
2026-01-30 21:24:04,489 [INFO] Processing: radimagenet_resnet50_finetuned.pth
2026-01-30 21:24:04,489 [INFO] ==================================================
2026-01-30 21:24:04,604 [INFO]   Checkpoint has 2 classes.
2026-01-30 21:24:04,914 [INFO]     resnet50 (torchvision) missing: 0, unexpected: 0
2026-01-30 21:24:04,914 [INFO]   Successfully loaded weights into resnet50
2026-01-30 21:24:04,939 [INFO] Evaluating...
2026-01-30 21:24:11,554 [INFO]   Batch 0/135
2026-01-30 21:24:25,774 [INFO]   Batch 10/135
2026-01-30 21:24:47,624 [INFO]   Batch 20/135
2026-01-30 21:25:04,884 [INFO]   Batch 30/135
2026-01-30 21:25:24,571 [INFO]   Batch 40/135
2026-01-30 21:25:40,361 [INFO]   Batch 50/135
2026-01-30 21:26:00,505 [INFO]   Batch 60/135
2026-01-30 21:26:18,341 [INFO]   Batch 70/135
2026-01-30 21:26:38,109 [INFO]   Batch 80/135
2026-01-30 21:26:56,298 [INFO]   Batch 90/135
2026-01-30 21:27:13,020 [INFO]   Batch 100/135
2026-01-30 21:27:32,455 [INFO]   Batch 110/135
2026-01-30 21:27:47,880 [INFO]   Batch 120/135
2026-01-30 21:28:09,321 [INFO]   Batch 130/135
2026-01-30 21:28:14,717 [INFO] 
Results: Acc=0.6923, AUC=0.3940
2026-01-30 21:28:14,717 [INFO] 
Classification Report:
              precision    recall  f1-score   support

          AP       0.01      0.21      0.02        56
          PA       0.99      0.70      0.82      4257

    accuracy                           0.69      4313
   macro avg       0.50      0.46      0.42      4313
weighted avg       0.97      0.69      0.81      4313

2026-01-30 21:28:14,717 [INFO] 
Confusion Matrix:
[[  12   44]
 [1283 2974]]
