2026-01-30 23:51:21,500 [INFO] 
==================================================
2026-01-30 23:51:21,500 [INFO] Processing: 512x512resnet50nofinetunebestmodel.pth
2026-01-30 23:51:21,500 [INFO] ==================================================
2026-01-30 23:51:21,710 [INFO]   Checkpoint has 2 classes.
2026-01-30 23:51:22,072 [INFO]     resnet50 (torchvision) missing: 0, unexpected: 0
2026-01-30 23:51:22,072 [INFO]   Successfully loaded weights into resnet50
2026-01-30 23:51:22,103 [INFO] Evaluating...
2026-01-30 23:51:30,413 [INFO]   Batch 0/135
2026-01-30 23:51:48,907 [INFO]   Batch 10/135
2026-01-30 23:52:17,411 [INFO]   Batch 20/135
2026-01-30 23:52:38,942 [INFO]   Batch 30/135
2026-01-30 23:53:05,581 [INFO]   Batch 40/135
2026-01-30 23:53:25,571 [INFO]   Batch 50/135
2026-01-30 23:53:51,153 [INFO]   Batch 60/135
2026-01-30 23:54:13,811 [INFO]   Batch 70/135
2026-01-30 23:54:39,179 [INFO]   Batch 80/135
2026-01-30 23:55:03,975 [INFO]   Batch 90/135
2026-01-30 23:55:23,601 [INFO]   Batch 100/135
2026-01-30 23:55:51,597 [INFO]   Batch 110/135
2026-01-30 23:56:09,779 [INFO]   Batch 120/135
2026-01-30 23:56:38,745 [INFO]   Batch 130/135
2026-01-30 23:56:45,533 [INFO] 
Results: Acc=0.8055, AUC=0.8174
2026-01-30 23:56:45,535 [INFO] 
Classification Report:
              precision    recall  f1-score   support

          AP       0.04      0.68      0.08        56
          PA       0.99      0.81      0.89      4257

    accuracy                           0.81      4313
   macro avg       0.52      0.74      0.49      4313
weighted avg       0.98      0.81      0.88      4313

2026-01-30 23:56:45,535 [INFO] 
Confusion Matrix:
[[  38   18]
 [ 821 3436]]
