2026-01-30 21:36:36,348 [INFO] 
==================================================
2026-01-30 21:36:36,348 [INFO] Processing: resnet50fullyfinetunebestmodel.pth
2026-01-30 21:36:36,348 [INFO] ==================================================
2026-01-30 21:36:36,477 [INFO]   Checkpoint has 2 classes.
2026-01-30 21:36:36,790 [INFO]     resnet50 (torchvision) missing: 0, unexpected: 0
2026-01-30 21:36:36,790 [INFO]   Successfully loaded weights into resnet50
2026-01-30 21:36:36,814 [INFO] Evaluating...
2026-01-30 21:36:43,479 [INFO]   Batch 0/135
2026-01-30 21:36:57,847 [INFO]   Batch 10/135
2026-01-30 21:37:19,103 [INFO]   Batch 20/135
2026-01-30 21:37:36,366 [INFO]   Batch 30/135
2026-01-30 21:37:56,474 [INFO]   Batch 40/135
2026-01-30 21:38:12,478 [INFO]   Batch 50/135
2026-01-30 21:38:32,573 [INFO]   Batch 60/135
2026-01-30 21:38:51,220 [INFO]   Batch 70/135
2026-01-30 21:39:09,752 [INFO]   Batch 80/135
2026-01-30 21:39:29,021 [INFO]   Batch 90/135
2026-01-30 21:39:44,650 [INFO]   Batch 100/135
2026-01-30 21:40:05,730 [INFO]   Batch 110/135
2026-01-30 21:40:20,543 [INFO]   Batch 120/135
2026-01-30 21:40:43,258 [INFO]   Batch 130/135
2026-01-30 21:40:48,688 [INFO] 
Results: Acc=0.0320, AUC=0.4972
2026-01-30 21:40:48,688 [INFO] 
Classification Report:
              precision    recall  f1-score   support

          AP       0.01      0.98      0.03        56
          PA       0.99      0.02      0.04      4257

    accuracy                           0.03      4313
   macro avg       0.50      0.50      0.03      4313
weighted avg       0.98      0.03      0.04      4313

2026-01-30 21:40:48,688 [INFO] 
Confusion Matrix:
[[  55    1]
 [4174   83]]
