2026-01-28 22:01:10,449 [INFO] 
==================================================
2026-01-28 22:01:10,449 [INFO] Processing: densenetfullyfinetunebestmodel.pth
2026-01-28 22:01:10,450 [INFO] ==================================================
2026-01-28 22:01:10,527 [INFO]   Checkpoint has 2 classes.
2026-01-28 22:01:10,608 [INFO]     densenet121 (torchvision) missing: 0, unexpected: 0
2026-01-28 22:01:10,609 [INFO]   Successfully loaded weights into densenet121
2026-01-28 22:01:10,621 [INFO] Evaluating...
2026-01-28 22:01:14,631 [INFO]   Batch 0/143
2026-01-28 22:01:24,400 [INFO]   Batch 10/143
2026-01-28 22:01:37,077 [INFO]   Batch 20/143
2026-01-28 22:01:47,433 [INFO]   Batch 30/143
2026-01-28 22:02:02,056 [INFO]   Batch 40/143
2026-01-28 22:02:11,419 [INFO]   Batch 50/143
2026-01-28 22:02:25,771 [INFO]   Batch 60/143
2026-01-28 22:02:36,056 [INFO]   Batch 70/143
2026-01-28 22:02:49,969 [INFO]   Batch 80/143
2026-01-28 22:03:00,640 [INFO]   Batch 90/143
2026-01-28 22:03:14,752 [INFO]   Batch 100/143
2026-01-28 22:03:25,335 [INFO]   Batch 110/143
2026-01-28 22:03:39,414 [INFO]   Batch 120/143
2026-01-28 22:03:51,341 [INFO]   Batch 130/143
2026-01-28 22:04:06,134 [INFO]   Batch 140/143
2026-01-28 22:04:07,372 [INFO] 
Results: Acc=0.3265, AUC=0.5503
2026-01-28 22:04:07,372 [INFO] 
Classification Report:
              precision    recall  f1-score   support

      Normal       0.32      0.99      0.48      1456
    Abnormal       0.75      0.01      0.03      3099

    accuracy                           0.33      4555
   macro avg       0.54      0.50      0.26      4555
weighted avg       0.62      0.33      0.17      4555

2026-01-28 22:04:07,372 [INFO] 
Confusion Matrix:
[[1441   15]
 [3053   46]]
