2026-02-01 03:15:55,497 [INFO] 
==================================================
2026-02-01 03:15:55,497 [INFO] Processing: radimagenet_resnet50_finetuned.pth
2026-02-01 03:15:55,497 [INFO] ==================================================
2026-02-01 03:15:55,615 [INFO]   Checkpoint has 2 classes.
2026-02-01 03:15:55,934 [INFO]     resnet50 (torchvision) missing: 0, unexpected: 0
2026-02-01 03:15:55,934 [INFO]   Successfully loaded weights into resnet50
2026-02-01 03:15:55,959 [INFO] Evaluating...
2026-02-01 03:15:56,239 [INFO]   Batch 0/135
2026-02-01 03:15:56,824 [INFO]   Batch 10/135
2026-02-01 03:15:57,405 [INFO]   Batch 20/135
2026-02-01 03:15:57,999 [INFO]   Batch 30/135
2026-02-01 03:15:58,584 [INFO]   Batch 40/135
2026-02-01 03:15:59,165 [INFO]   Batch 50/135
2026-02-01 03:15:59,745 [INFO]   Batch 60/135
2026-02-01 03:16:00,335 [INFO]   Batch 70/135
2026-02-01 03:16:00,915 [INFO]   Batch 80/135
2026-02-01 03:16:01,505 [INFO]   Batch 90/135
2026-02-01 03:16:02,091 [INFO]   Batch 100/135
2026-02-01 03:16:02,672 [INFO]   Batch 110/135
2026-02-01 03:16:03,256 [INFO]   Batch 120/135
2026-02-01 03:16:03,837 [INFO]   Batch 130/135
2026-02-01 03:16:04,112 [INFO] 
Results: Acc=0.7876, AUC=0.6850
2026-02-01 03:16:04,112 [INFO] 
Classification Report:
              precision    recall  f1-score   support

          AP       0.02      0.39      0.05        56
          PA       0.99      0.79      0.88      4257

    accuracy                           0.79      4313
   macro avg       0.51      0.59      0.46      4313
weighted avg       0.98      0.79      0.87      4313

2026-02-01 03:16:04,113 [INFO] 
Confusion Matrix:
[[  22   34]
 [ 882 3375]]
