2026-01-28 22:24:46,497 [INFO] 
==================================================
2026-01-28 22:24:46,497 [INFO] Processing: model_weights.pth
2026-01-28 22:24:46,497 [INFO] ==================================================
2026-01-28 22:24:46,573 [INFO]   Checkpoint has 2 classes.
2026-01-28 22:24:46,751 [INFO]     Failed resnet50 load attempt: Error(s) in loading state_dict for ResNet:
	size mismatch for layer1.0.conv1.weight: copying a param with shape torch.Size([64, 64, 3, 3]) from checkpoint, the shape in current model is torch.Size([64, 64, 1, 1]).
	size mismatch for layer1.1.conv1.weight: copying a param with shape torch.Size([64, 64, 3, 3]) from checkpoint, the shape in current model is torch.Size([64, 256, 1, 1]).
	size mismatch for layer1.2.conv1.weight: copying a param with shape torch.Size([64, 64, 3, 3]) from checkpoint, the shape in current model is torch.Size([64, 256, 1, 1]).
	size mismatch for layer2.0.conv1.weight: copying a param with shape torch.Size([128, 64, 3, 3]) from checkpoint, the shape in current model is torch.Size([128, 256, 1, 1]).
	size mismatch for layer2.0.downsample.0.weight: copying a param with shape torch.Size([128, 64, 1, 1]) from checkpoint, the shape in current model is torch.Size([512, 256, 1, 1]).
	size mismatch for layer2.0.downsample.1.weight: copying a param with shape torch.Size([128]) from checkpoint, the shape in current model is torch.Size([512]).
	size mismatch for layer2.0.downsample.1.bias: copying a param with shape torch.Size([128]) from checkpoint, the shape in current model is torch.Size([512]).
	size mismatch for layer2.0.downsample.1.running_mean: copying a param with shape torch.Size([128]) from checkpoint, the shape in current model is torch.Size([512]).
	size mismatch for layer2.0.downsample.1.running_var: copying a param with shape torch.Size([128]) from checkpoint, the shape in current model is torch.Size([512]).
	size mismatch for layer2.1.conv1.weight: copying a param with shape torch.Size([128, 128, 3, 3]) from checkpoint, the shape in current model is torch.Size([128, 512, 1, 1]).
	size mismatch for layer2.2.conv1.weight: copying a param with shape torch.Size([128, 128, 3, 3]) from checkpoint, the shape in current model is torch.Size([128, 512, 1, 1]).
	size mismatch for layer2.3.conv1.weight: copying a param with shape torch.Size([128, 128, 3, 3]) from checkpoint, the shape in current model is torch.Size([128, 512, 1, 1]).
	size mismatch for layer3.0.conv1.weight: copying a param with shape torch.Size([256, 128, 3, 3]) from checkpoint, the shape in current model is torch.Size([256, 512, 1, 1]).
	size mismatch for layer3.0.downsample.0.weight: copying a param with shape torch.Size([256, 128, 1, 1]) from checkpoint, the shape in current model is torch.Size([1024, 512, 1, 1]).
	size mismatch for layer3.0.downsample.1.weight: copying a param with shape torch.Size([256]) from checkpoint, the shape in current model is torch.Size([1024]).
	size mismatch for layer3.0.downsample.1.bias: copying a param with shape torch.Size([256]) from checkpoint, the shape in current model is torch.Size([1024]).
	size mismatch for layer3.0.downsample.1.running_mean: copying a param with shape torch.Size([256]) from checkpoint, the shape in current model is torch.Size([1024]).
	size mismatch for layer3.0.downsample.1.running_var: copying a param with shape torch.Size([256]) from checkpoint, the shape in current model is torch.Size([1024]).
	size mismatch for layer3.1.conv1.weight: copying a param with shape torch.Size([256, 256, 3, 3]) from checkpoint, the shape in current model is torch.Size([256, 1024, 1, 1]).
	size mismatch for layer3.2.conv1.weight: copying a param with shape torch.Size([256, 256, 3, 3]) from checkpoint, the shape in current model is torch.Size([256, 1024, 1, 1]).
	size mismatch for layer3.3.conv1.weight: copying a param with shape torch.Size([256, 256, 3, 3]) from checkpoint, the shape in current model is torch.Size([256, 1024, 1, 1]).
	size mismatch for layer3.4.conv1.weight: copying a param with shape torch.Size([256, 256, 3, 3]) from checkpoint, the shape in current model is torch.Size([256, 1024, 1, 1]).
	size mismatch for layer3.5.conv1.weight: copying a param with shape torch.Size([256, 256, 3, 3]) from checkpoint, the shape in current model is torch.Size([256, 1024, 1, 1]).
	size mismatch for layer4.0.conv1.weight: copying a param with shape torch.Size([512, 256, 3, 3]) from checkpoint, the shape in current model is torch.Size([512, 1024, 1, 1]).
	size mismatch for layer4.0.downsample.0.weight: copying a param with shape torch.Size([512, 256, 1, 1]) from checkpoint, the shape in current model is torch.Size([2048, 1024, 1, 1]).
	size mismatch for layer4.0.downsample.1.weight: copying a param with shape torch.Size([512]) from checkpoint, the shape in current model is torch.Size([2048]).
	size mismatch for layer4.0.downsample.1.bias: copying a param with shape torch.Size([512]) from checkpoint, the shape in current model is torch.Size([2048]).
	size mismatch for layer4.0.downsample.1.running_mean: copying a param with shape torch.Size([512]) from checkpoint, the shape in current model is torch.Size([2048]).
	size mismatch for layer4.0.downsample.1.running_var: copying a param with shape torch.Size([512]) from checkpoint, the shape in current model is torch.Size([2048]).
	size mismatch for layer4.1.conv1.weight: copying a param with shape torch.Size([512, 512, 3, 3]) from checkpoint, the shape in current model is torch.Size([512, 2048, 1, 1]).
	size mismatch for layer4.2.conv1.weight: copying a param with shape torch.Size([512, 512, 3, 3]) from checkpoint, the shape in current model is torch.Size([512, 2048, 1, 1]).
	size mismatch for fc.weight: copying a param with shape torch.Size([2, 512]) from checkpoint, the shape in current model is torch.Size([2, 2048]).
2026-01-28 22:24:46,908 [INFO]     resnet34 (torchvision) missing: 0, unexpected: 0
2026-01-28 22:24:46,908 [INFO]   Successfully loaded weights into resnet34
2026-01-28 22:24:46,922 [INFO] Evaluating...
2026-01-28 22:24:50,446 [INFO]   Batch 0/143
2026-01-28 22:24:58,967 [INFO]   Batch 10/143
2026-01-28 22:25:10,108 [INFO]   Batch 20/143
2026-01-28 22:25:19,079 [INFO]   Batch 30/143
2026-01-28 22:25:31,641 [INFO]   Batch 40/143
2026-01-28 22:25:39,314 [INFO]   Batch 50/143
2026-01-28 22:25:51,595 [INFO]   Batch 60/143
2026-01-28 22:26:00,516 [INFO]   Batch 70/143
2026-01-28 22:26:12,182 [INFO]   Batch 80/143
2026-01-28 22:26:20,661 [INFO]   Batch 90/143
2026-01-28 22:26:32,599 [INFO]   Batch 100/143
2026-01-28 22:26:41,500 [INFO]   Batch 110/143
2026-01-28 22:26:52,693 [INFO]   Batch 120/143
2026-01-28 22:27:02,753 [INFO]   Batch 130/143
2026-01-28 22:27:13,792 [INFO]   Batch 140/143
2026-01-28 22:27:14,643 [INFO] 
Results: Acc=0.4235, AUC=0.5501
2026-01-28 22:27:14,643 [INFO] 
Classification Report:
              precision    recall  f1-score   support

      Normal       0.33      0.81      0.47      1456
    Abnormal       0.73      0.24      0.36      3099

    accuracy                           0.42      4555
   macro avg       0.53      0.53      0.42      4555
weighted avg       0.60      0.42      0.40      4555

2026-01-28 22:27:14,643 [INFO] 
Confusion Matrix:
[[1180  276]
 [2350  749]]
