2026-02-01 03:17:14,874 [INFO] 
==================================================
2026-02-01 03:17:14,874 [INFO] Processing: simclrv1fullyfinetunebestmodel.pth
2026-02-01 03:17:14,875 [INFO] ==================================================
2026-02-01 03:17:15,004 [INFO]   Checkpoint has 2 classes.
2026-02-01 03:17:15,305 [INFO]     resnet50 (torchvision) missing: 0, unexpected: 0
2026-02-01 03:17:15,306 [INFO]   Successfully loaded weights into resnet50
2026-02-01 03:17:15,325 [INFO] Evaluating...
2026-02-01 03:17:15,658 [INFO]   Batch 0/135
2026-02-01 03:17:16,244 [INFO]   Batch 10/135
2026-02-01 03:17:16,831 [INFO]   Batch 20/135
2026-02-01 03:17:17,417 [INFO]   Batch 30/135
2026-02-01 03:17:18,002 [INFO]   Batch 40/135
2026-02-01 03:17:18,591 [INFO]   Batch 50/135
2026-02-01 03:17:19,176 [INFO]   Batch 60/135
2026-02-01 03:17:19,767 [INFO]   Batch 70/135
2026-02-01 03:17:20,346 [INFO]   Batch 80/135
2026-02-01 03:17:20,937 [INFO]   Batch 90/135
2026-02-01 03:17:21,519 [INFO]   Batch 100/135
2026-02-01 03:17:22,106 [INFO]   Batch 110/135
2026-02-01 03:17:22,700 [INFO]   Batch 120/135
2026-02-01 03:17:23,282 [INFO]   Batch 130/135
2026-02-01 03:17:23,561 [INFO] 
Results: Acc=0.0130, AUC=0.9324
2026-02-01 03:17:23,561 [INFO] 
Classification Report:
              precision    recall  f1-score   support

          AP       0.01      1.00      0.03        56
          PA       0.00      0.00      0.00      4257

    accuracy                           0.01      4313
   macro avg       0.01      0.50      0.01      4313
weighted avg       0.00      0.01      0.00      4313

2026-02-01 03:17:23,561 [INFO] 
Confusion Matrix:
[[  56    0]
 [4257    0]]
