2026-02-01 03:15:46,519 [INFO] 
==================================================
2026-02-01 03:15:46,519 [INFO] Processing: densenetfullyfinetunebestmodel.pth
2026-02-01 03:15:46,519 [INFO] ==================================================
2026-02-01 03:15:46,641 [INFO]   Checkpoint has 2 classes.
2026-02-01 03:15:46,766 [INFO]     densenet121 (torchvision) missing: 0, unexpected: 0
2026-02-01 03:15:46,766 [INFO]   Successfully loaded weights into densenet121
2026-02-01 03:15:46,785 [INFO] Evaluating...
2026-02-01 03:15:47,187 [INFO]   Batch 0/135
2026-02-01 03:15:47,788 [INFO]   Batch 10/135
2026-02-01 03:15:48,392 [INFO]   Batch 20/135
2026-02-01 03:15:49,005 [INFO]   Batch 30/135
2026-02-01 03:15:49,615 [INFO]   Batch 40/135
2026-02-01 03:15:50,231 [INFO]   Batch 50/135
2026-02-01 03:15:50,844 [INFO]   Batch 60/135
2026-02-01 03:15:51,455 [INFO]   Batch 70/135
2026-02-01 03:15:52,085 [INFO]   Batch 80/135
2026-02-01 03:15:52,698 [INFO]   Batch 90/135
2026-02-01 03:15:53,312 [INFO]   Batch 100/135
2026-02-01 03:15:53,925 [INFO]   Batch 110/135
2026-02-01 03:15:54,543 [INFO]   Batch 120/135
2026-02-01 03:15:55,157 [INFO]   Batch 130/135
2026-02-01 03:15:55,488 [INFO] 
Results: Acc=0.9935, AUC=0.9076
2026-02-01 03:15:55,488 [INFO] 
Classification Report:
              precision    recall  f1-score   support

          AP       0.85      0.61      0.71        56
          PA       0.99      1.00      1.00      4257

    accuracy                           0.99      4313
   macro avg       0.92      0.80      0.85      4313
weighted avg       0.99      0.99      0.99      4313

2026-02-01 03:15:55,489 [INFO] 
Confusion Matrix:
[[  34   22]
 [   6 4251]]
