2026-01-31 22:26:42,840 [INFO] 
==================================================
2026-01-31 22:26:42,840 [INFO] Processing: resnet_34_best_model.pth
2026-01-31 22:26:42,840 [INFO] ==================================================
2026-01-31 22:26:42,956 [INFO]   Checkpoint has 2 classes.
2026-01-31 22:26:43,272 [INFO]     Failed resnet50 load attempt: Error(s) in loading state_dict for ResNet:
	size mismatch for layer1.0.conv1.weight: copying a param with shape torch.Size([64, 64, 3, 3]) from checkpoint, the shape in current model is torch.Size([64, 64, 1, 1]).
	size mismatch for layer1.1.conv1.weight: copying a param with shape torch.Size([64, 64, 3, 3]) from checkpoint, the shape in current model is torch.Size([64, 256, 1, 1]).
	size mismatch for layer1.2.conv1.weight: copying a param with shape torch.Size([64, 64, 3, 3]) from checkpoint, the shape in current model is torch.Size([64, 256, 1, 1]).
	size mismatch for layer2.0.conv1.weight: copying a param with shape torch.Size([128, 64, 3, 3]) from checkpoint, the shape in current model is torch.Size([128, 256, 1, 1]).
	size mismatch for layer2.0.downsample.0.weight: copying a param with shape torch.Size([128, 64, 1, 1]) from checkpoint, the shape in current model is torch.Size([512, 256, 1, 1]).
	size mismatch for layer2.0.downsample.1.weight: copying a param with shape torch.Size([128]) from checkpoint, the shape in current model is torch.Size([512]).
	size mismatch for layer2.0.downsample.1.bias: copying a param with shape torch.Size([128]) from checkpoint, the shape in current model is torch.Size([512]).
	size mismatch for layer2.0.downsample.1.running_mean: copying a param with shape torch.Size([128]) from checkpoint, the shape in current model is torch.Size([512]).
	size mismatch for layer2.0.downsample.1.running_var: copying a param with shape torch.Size([128]) from checkpoint, the shape in current model is torch.Size([512]).
	size mismatch for layer2.1.conv1.weight: copying a param with shape torch.Size([128, 128, 3, 3]) from checkpoint, the shape in current model is torch.Size([128, 512, 1, 1]).
	size mismatch for layer2.2.conv1.weight: copying a param with shape torch.Size([128, 128, 3, 3]) from checkpoint, the shape in current model is torch.Size([128, 512, 1, 1]).
	size mismatch for layer2.3.conv1.weight: copying a param with shape torch.Size([128, 128, 3, 3]) from checkpoint, the shape in current model is torch.Size([128, 512, 1, 1]).
	size mismatch for layer3.0.conv1.weight: copying a param with shape torch.Size([256, 128, 3, 3]) from checkpoint, the shape in current model is torch.Size([256, 512, 1, 1]).
	size mismatch for layer3.0.downsample.0.weight: copying a param with shape torch.Size([256, 128, 1, 1]) from checkpoint, the shape in current model is torch.Size([1024, 512, 1, 1]).
	size mismatch for layer3.0.downsample.1.weight: copying a param with shape torch.Size([256]) from checkpoint, the shape in current model is torch.Size([1024]).
	size mismatch for layer3.0.downsample.1.bias: copying a param with shape torch.Size([256]) from checkpoint, the shape in current model is torch.Size([1024]).
	size mismatch for layer3.0.downsample.1.running_mean: copying a param with shape torch.Size([256]) from checkpoint, the shape in current model is torch.Size([1024]).
	size mismatch for layer3.0.downsample.1.running_var: copying a param with shape torch.Size([256]) from checkpoint, the shape in current model is torch.Size([1024]).
	size mismatch for layer3.1.conv1.weight: copying a param with shape torch.Size([256, 256, 3, 3]) from checkpoint, the shape in current model is torch.Size([256, 1024, 1, 1]).
	size mismatch for layer3.2.conv1.weight: copying a param with shape torch.Size([256, 256, 3, 3]) from checkpoint, the shape in current model is torch.Size([256, 1024, 1, 1]).
	size mismatch for layer3.3.conv1.weight: copying a param with shape torch.Size([256, 256, 3, 3]) from checkpoint, the shape in current model is torch.Size([256, 1024, 1, 1]).
	size mismatch for layer3.4.conv1.weight: copying a param with shape torch.Size([256, 256, 3, 3]) from checkpoint, the shape in current model is torch.Size([256, 1024, 1, 1]).
	size mismatch for layer3.5.conv1.weight: copying a param with shape torch.Size([256, 256, 3, 3]) from checkpoint, the shape in current model is torch.Size([256, 1024, 1, 1]).
	size mismatch for layer4.0.conv1.weight: copying a param with shape torch.Size([512, 256, 3, 3]) from checkpoint, the shape in current model is torch.Size([512, 1024, 1, 1]).
	size mismatch for layer4.0.downsample.0.weight: copying a param with shape torch.Size([512, 256, 1, 1]) from checkpoint, the shape in current model is torch.Size([2048, 1024, 1, 1]).
	size mismatch for layer4.0.downsample.1.weight: copying a param with shape torch.Size([512]) from checkpoint, the shape in current model is torch.Size([2048]).
	size mismatch for layer4.0.downsample.1.bias: copying a param with shape torch.Size([512]) from checkpoint, the shape in current model is torch.Size([2048]).
	size mismatch for layer4.0.downsample.1.running_mean: copying a param with shape torch.Size([512]) from checkpoint, the shape in current model is torch.Size([2048]).
	size mismatch for layer4.0.downsample.1.running_var: copying a param with shape torch.Size([512]) from checkpoint, the shape in current model is torch.Size([2048]).
	size mismatch for layer4.1.conv1.weight: copying a param with shape torch.Size([512, 512, 3, 3]) from checkpoint, the shape in current model is torch.Size([512, 2048, 1, 1]).
	size mismatch for layer4.2.conv1.weight: copying a param with shape torch.Size([512, 512, 3, 3]) from checkpoint, the shape in current model is torch.Size([512, 2048, 1, 1]).
	size mismatch for fc.weight: copying a param with shape torch.Size([2, 512]) from checkpoint, the shape in current model is torch.Size([2, 2048]).
2026-01-31 22:26:43,509 [INFO]     resnet34 (torchvision) missing: 0, unexpected: 0
2026-01-31 22:26:43,509 [INFO]   Successfully loaded weights into resnet34
2026-01-31 22:26:43,532 [INFO] Evaluating...
2026-01-31 22:26:51,132 [INFO]   Batch 0/135
2026-01-31 22:27:06,900 [INFO]   Batch 10/135
2026-01-31 22:27:30,018 [INFO]   Batch 20/135
2026-01-31 22:27:48,887 [INFO]   Batch 30/135
2026-01-31 22:28:12,830 [INFO]   Batch 40/135
2026-01-31 22:28:30,237 [INFO]   Batch 50/135
2026-01-31 22:28:51,748 [INFO]   Batch 60/135
2026-01-31 22:29:10,176 [INFO]   Batch 70/135
2026-01-31 22:29:32,692 [INFO]   Batch 80/135
2026-01-31 22:29:52,094 [INFO]   Batch 90/135
2026-01-31 22:30:10,718 [INFO]   Batch 100/135
2026-01-31 22:30:31,966 [INFO]   Batch 110/135
2026-01-31 22:30:49,476 [INFO]   Batch 120/135
2026-01-31 22:31:12,174 [INFO]   Batch 130/135
2026-01-31 22:31:17,810 [INFO] 
Results: Acc=0.9898, AUC=0.9271
2026-01-31 22:31:17,810 [INFO] 
Classification Report:
              precision    recall  f1-score   support

          AP       0.65      0.46      0.54        56
          PA       0.99      1.00      0.99      4257

    accuracy                           0.99      4313
   macro avg       0.82      0.73      0.77      4313
weighted avg       0.99      0.99      0.99      4313

2026-01-31 22:31:17,810 [INFO] 
Confusion Matrix:
[[  26   30]
 [  14 4243]]
