2026-01-31 22:22:18,313 [INFO] 
==================================================
2026-01-31 22:22:18,313 [INFO] Processing: senetfullyfinetunebestmodel.pth
2026-01-31 22:22:18,313 [INFO] ==================================================
2026-01-31 22:22:18,562 [INFO]   Checkpoint has 2 classes.
2026-01-31 22:22:19,969 [INFO]     Timm error for senet154: Error(s) in loading state_dict for ResNet:
	size mismatch for bn1.weight: copying a param with shape torch.Size([64]) from checkpoint, the shape in current model is torch.Size([128]).
	size mismatch for bn1.bias: copying a param with shape torch.Size([64]) from checkpoint, the shape in current model is torch.Size([128]).
	size mismatch for bn1.running_mean: copying a param with shape torch.Size([64]) from checkpoint, the shape in current model is torch.Size([128]).
	size mismatch for bn1.running_var: copying a param with shape torch.Size([64]) from checkpoint, the shape in current model is torch.Size([128]).
	size mismatch for layer1.0.conv1.weight: copying a param with shape torch.Size([128, 64, 1, 1]) from checkpoint, the shape in current model is torch.Size([128, 128, 1, 1]).
	size mismatch for layer1.0.conv2.weight: copying a param with shape torch.Size([128, 4, 3, 3]) from checkpoint, the shape in current model is torch.Size([256, 2, 3, 3]).
	size mismatch for layer1.0.bn2.weight: copying a param with shape torch.Size([128]) from checkpoint, the shape in current model is torch.Size([256]).
	size mismatch for layer1.0.bn2.bias: copying a param with shape torch.Size([128]) from checkpoint, the shape in current model is torch.Size([256]).
	size mismatch for layer1.0.bn2.running_mean: copying a param with shape torch.Size([128]) from checkpoint, the shape in current model is torch.Size([256]).
	size mismatch for layer1.0.bn2.running_var: copying a param with shape torch.Size([128]) from checkpoint, the shape in current model is torch.Size([256]).
	size mismatch for layer1.0.conv3.weight: copying a param with shape torch.Size([256, 128, 1, 1]) from checkpoint, the shape in current model is torch.Size([256, 256, 1, 1]).
	size mismatch for layer1.0.downsample.0.weight: copying a param with shape torch.Size([256, 64, 1, 1]) from checkpoint, the shape in current model is torch.Size([256, 128, 1, 1]).
	size mismatch for layer1.1.conv2.weight: copying a param with shape torch.Size([128, 4, 3, 3]) from checkpoint, the shape in current model is torch.Size([256, 2, 3, 3]).
	size mismatch for layer1.1.bn2.weight: copying a param with shape torch.Size([128]) from checkpoint, the shape in current model is torch.Size([256]).
	size mismatch for layer1.1.bn2.bias: copying a param with shape torch.Size([128]) from checkpoint, the shape in current model is torch.Size([256]).
	size mismatch for layer1.1.bn2.running_mean: copying a param with shape torch.Size([128]) from checkpoint, the shape in current model is torch.Size([256]).
	size mismatch for layer1.1.bn2.running_var: copying a param with shape torch.Size([128]) from checkpoint, the shape in current model is torch.Size([256]).
	size mismatch for layer1.1.conv3.weight: copying a param with shape torch.Size([256, 128, 1, 1]) from checkpoint, the shape in current model is torch.Size([256, 256, 1, 1]).
	size mismatch for layer1.2.conv2.weight: copying a param with shape torch.Size([128, 4, 3, 3]) from checkpoint, the shape in current model is torch.Size([256, 2, 3, 3]).
	size mismatch for layer1.2.bn2.weight: copying a param with shape torch.Size([128]) from checkpoint, the shape in current model is torch.Size([256]).
	size mismatch for layer1.2.bn2.bias: copying a param with shape torch.Size([128]) from checkpoint, the shape in current model is torch.Size([256]).
	size mismatch for layer1.2.bn2.running_mean: copying a param with shape torch.Size([128]) from checkpoint, the shape in current model is torch.Size([256]).
	size mismatch for layer1.2.bn2.running_var: copying a param with shape torch.Size([128]) from checkpoint, the shape in current model is torch.Size([256]).
	size mismatch for layer1.2.conv3.weight: copying a param with shape torch.Size([256, 128, 1, 1]) from checkpoint, the shape in current model is torch.Size([256, 256, 1, 1]).
	size mismatch for layer2.0.conv2.weight: copying a param with shape torch.Size([256, 8, 3, 3]) from checkpoint, the shape in current model is torch.Size([512, 4, 3, 3]).
	size mismatch for layer2.0.bn2.weight: copying a param with shape torch.Size([256]) from checkpoint, the shape in current model is torch.Size([512]).
	size mismatch for layer2.0.bn2.bias: copying a param with shape torch.Size([256]) from checkpoint, the shape in current model is torch.Size([512]).
	size mismatch for layer2.0.bn2.running_mean: copying a param with shape torch.Size([256]) from checkpoint, the shape in current model is torch.Size([512]).
	size mismatch for layer2.0.bn2.running_var: copying a param with shape torch.Size([256]) from checkpoint, the shape in current model is torch.Size([512]).
	size mismatch for layer2.0.conv3.weight: copying a param with shape torch.Size([512, 256, 1, 1]) from checkpoint, the shape in current model is torch.Size([512, 512, 1, 1]).
	size mismatch for layer2.0.downsample.0.weight: copying a param with shape torch.Size([512, 256, 1, 1]) from checkpoint, the shape in current model is torch.Size([512, 256, 3, 3]).
	size mismatch for layer2.1.conv2.weight: copying a param with shape torch.Size([256, 8, 3, 3]) from checkpoint, the shape in current model is torch.Size([512, 4, 3, 3]).
	size mismatch for layer2.1.bn2.weight: copying a param with shape torch.Size([256]) from checkpoint, the shape in current model is torch.Size([512]).
	size mismatch for layer2.1.bn2.bias: copying a param with shape torch.Size([256]) from checkpoint, the shape in current model is torch.Size([512]).
	size mismatch for layer2.1.bn2.running_mean: copying a param with shape torch.Size([256]) from checkpoint, the shape in current model is torch.Size([512]).
	size mismatch for layer2.1.bn2.running_var: copying a param with shape torch.Size([256]) from checkpoint, the shape in current model is torch.Size([512]).
	size mismatch for layer2.1.conv3.weight: copying a param with shape torch.Size([512, 256, 1, 1]) from checkpoint, the shape in current model is torch.Size([512, 512, 1, 1]).
	size mismatch for layer2.2.conv2.weight: copying a param with shape torch.Size([256, 8, 3, 3]) from checkpoint, the shape in current model is torch.Size([512, 4, 3, 3]).
	size mismatch for layer2.2.bn2.weight: copying a param with shape torch.Size([256]) from checkpoint, the shape in current model is torch.Size([512]).
	size mismatch for layer2.2.bn2.bias: copying a param with shape torch.Size([256]) from checkpoint, the shape in current model is torch.Size([512]).
	size mismatch for layer2.2.bn2.running_mean: copying a param with shape torch.Size([256]) from checkpoint, the shape in current model is torch.Size([512]).
	size mismatch for layer2.2.bn2.running_var: copying a param with shape torch.Size([256]) from checkpoint, the shape in current model is torch.Size([512]).
	size mismatch for layer2.2.conv3.weight: copying a param with shape torch.Size([512, 256, 1, 1]) from checkpoint, the shape in current model is torch.Size([512, 512, 1, 1]).
	size mismatch for layer2.3.conv2.weight: copying a param with shape torch.Size([256, 8, 3, 3]) from checkpoint, the shape in current model is torch.Size([512, 4, 3, 3]).
	size mismatch for layer2.3.bn2.weight: copying a param with shape torch.Size([256]) from checkpoint, the shape in current model is torch.Size([512]).
	size mismatch for layer2.3.bn2.bias: copying a param with shape torch.Size([256]) from checkpoint, the shape in current model is torch.Size([512]).
	size mismatch for layer2.3.bn2.running_mean: copying a param with shape torch.Size([256]) from checkpoint, the shape in current model is torch.Size([512]).
	size mismatch for layer2.3.bn2.running_var: copying a param with shape torch.Size([256]) from checkpoint, the shape in current model is torch.Size([512]).
	size mismatch for layer2.3.conv3.weight: copying a param with shape torch.Size([512, 256, 1, 1]) from checkpoint, the shape in current model is torch.Size([512, 512, 1, 1]).
	size mismatch for layer3.0.conv2.weight: copying a param with shape torch.Size([512, 16, 3, 3]) from checkpoint, the shape in current model is torch.Size([1024, 8, 3, 3]).
	size mismatch for layer3.0.bn2.weight: copying a param with shape torch.Size([512]) from checkpoint, the shape in current model is torch.Size([1024]).
	size mismatch for layer3.0.bn2.bias: copying a param with shape torch.Size([512]) from checkpoint, the shape in current model is torch.Size([1024]).
	size mismatch for layer3.0.bn2.running_mean: copying a param with shape torch.Size([512]) from checkpoint, the shape in current model is torch.Size([1024]).
	size mismatch for layer3.0.bn2.running_var: copying a param with shape torch.Size([512]) from checkpoint, the shape in current model is torch.Size([1024]).
	size mismatch for layer3.0.conv3.weight: copying a param with shape torch.Size([1024, 512, 1, 1]) from checkpoint, the shape in current model is torch.Size([1024, 1024, 1, 1]).
	size mismatch for layer3.0.downsample.0.weight: copying a param with shape torch.Size([1024, 512, 1, 1]) from checkpoint, the shape in current model is torch.Size([1024, 512, 3, 3]).
	size mismatch for layer3.1.conv2.weight: copying a param with shape torch.Size([512, 16, 3, 3]) from checkpoint, the shape in current model is torch.Size([1024, 8, 3, 3]).
	size mismatch for layer3.1.bn2.weight: copying a param with shape torch.Size([512]) from checkpoint, the shape in current model is torch.Size([1024]).
	size mismatch for layer3.1.bn2.bias: copying a param with shape torch.Size([512]) from checkpoint, the shape in current model is torch.Size([1024]).
	size mismatch for layer3.1.bn2.running_mean: copying a param with shape torch.Size([512]) from checkpoint, the shape in current model is torch.Size([1024]).
	size mismatch for layer3.1.bn2.running_var: copying a param with shape torch.Size([512]) from checkpoint, the shape in current model is torch.Size([1024]).
	size mismatch for layer3.1.conv3.weight: copying a param with shape torch.Size([1024, 512, 1, 1]) from checkpoint, the shape in current model is torch.Size([1024, 1024, 1, 1]).
	size mismatch for layer3.2.conv2.weight: copying a param with shape torch.Size([512, 16, 3, 3]) from checkpoint, the shape in current model is torch.Size([1024, 8, 3, 3]).
	size mismatch for layer3.2.bn2.weight: copying a param with shape torch.Size([512]) from checkpoint, the shape in current model is torch.Size([1024]).
	size mismatch for layer3.2.bn2.bias: copying a param with shape torch.Size([512]) from checkpoint, the shape in current model is torch.Size([1024]).
	size mismatch for layer3.2.bn2.running_mean: copying a param with shape torch.Size([512]) from checkpoint, the shape in current model is torch.Size([1024]).
	size mismatch for layer3.2.bn2.running_var: copying a param with shape torch.Size([512]) from checkpoint, the shape in current model is torch.Size([1024]).
	size mismatch for layer3.2.conv3.weight: copying a param with shape torch.Size([1024, 512, 1, 1]) from checkpoint, the shape in current model is torch.Size([1024, 1024, 1, 1]).
	size mismatch for layer3.3.conv2.weight: copying a param with shape torch.Size([512, 16, 3, 3]) from checkpoint, the shape in current model is torch.Size([1024, 8, 3, 3]).
	size mismatch for layer3.3.bn2.weight: copying a param with shape torch.Size([512]) from checkpoint, the shape in current model is torch.Size([1024]).
	size mismatch for layer3.3.bn2.bias: copying a param with shape torch.Size([512]) from checkpoint, the shape in current model is torch.Size([1024]).
	size mismatch for layer3.3.bn2.running_mean: copying a param with shape torch.Size([512]) from checkpoint, the shape in current model is torch.Size([1024]).
	size mismatch for layer3.3.bn2.running_var: copying a param with shape torch.Size([512]) from checkpoint, the shape in current model is torch.Size([1024]).
	size mismatch for layer3.3.conv3.weight: copying a param with shape torch.Size([1024, 512, 1, 1]) from checkpoint, the shape in current model is torch.Size([1024, 1024, 1, 1]).
	size mismatch for layer3.4.conv2.weight: copying a param with shape torch.Size([512, 16, 3, 3]) from checkpoint, the shape in current model is torch.Size([1024, 8, 3, 3]).
	size mismatch for layer3.4.bn2.weight: copying a param with shape torch.Size([512]) from checkpoint, the shape in current model is torch.Size([1024]).
	size mismatch for layer3.4.bn2.bias: copying a param with shape torch.Size([512]) from checkpoint, the shape in current model is torch.Size([1024]).
	size mismatch for layer3.4.bn2.running_mean: copying a param with shape torch.Size([512]) from checkpoint, the shape in current model is torch.Size([1024]).
	size mismatch for layer3.4.bn2.running_var: copying a param with shape torch.Size([512]) from checkpoint, the shape in current model is torch.Size([1024]).
	size mismatch for layer3.4.conv3.weight: copying a param with shape torch.Size([1024, 512, 1, 1]) from checkpoint, the shape in current model is torch.Size([1024, 1024, 1, 1]).
	size mismatch for layer3.5.conv2.weight: copying a param with shape torch.Size([512, 16, 3, 3]) from checkpoint, the shape in current model is torch.Size([1024, 8, 3, 3]).
	size mismatch for layer3.5.bn2.weight: copying a param with shape torch.Size([512]) from checkpoint, the shape in current model is torch.Size([1024]).
	size mismatch for layer3.5.bn2.bias: copying a param with shape torch.Size([512]) from checkpoint, the shape in current model is torch.Size([1024]).
	size mismatch for layer3.5.bn2.running_mean: copying a param with shape torch.Size([512]) from checkpoint, the shape in current model is torch.Size([1024]).
	size mismatch for layer3.5.bn2.running_var: copying a param with shape torch.Size([512]) from checkpoint, the shape in current model is torch.Size([1024]).
	size mismatch for layer3.5.conv3.weight: copying a param with shape torch.Size([1024, 512, 1, 1]) from checkpoint, the shape in current model is torch.Size([1024, 1024, 1, 1]).
	size mismatch for layer4.0.conv2.weight: copying a param with shape torch.Size([1024, 32, 3, 3]) from checkpoint, the shape in current model is torch.Size([2048, 16, 3, 3]).
	size mismatch for layer4.0.bn2.weight: copying a param with shape torch.Size([1024]) from checkpoint, the shape in current model is torch.Size([2048]).
	size mismatch for layer4.0.bn2.bias: copying a param with shape torch.Size([1024]) from checkpoint, the shape in current model is torch.Size([2048]).
	size mismatch for layer4.0.bn2.running_mean: copying a param with shape torch.Size([1024]) from checkpoint, the shape in current model is torch.Size([2048]).
	size mismatch for layer4.0.bn2.running_var: copying a param with shape torch.Size([1024]) from checkpoint, the shape in current model is torch.Size([2048]).
	size mismatch for layer4.0.conv3.weight: copying a param with shape torch.Size([2048, 1024, 1, 1]) from checkpoint, the shape in current model is torch.Size([2048, 2048, 1, 1]).
	size mismatch for layer4.0.downsample.0.weight: copying a param with shape torch.Size([2048, 1024, 1, 1]) from checkpoint, the shape in current model is torch.Size([2048, 1024, 3, 3]).
	size mismatch for layer4.1.conv2.weight: copying a param with shape torch.Size([1024, 32, 3, 3]) from checkpoint, the shape in current model is torch.Size([2048, 16, 3, 3]).
	size mismatch for layer4.1.bn2.weight: copying a param with shape torch.Size([1024]) from checkpoint, the shape in current model is torch.Size([2048]).
	size mismatch for layer4.1.bn2.bias: copying a param with shape torch.Size([1024]) from checkpoint, the shape in current model is torch.Size([2048]).
	size mismatch for layer4.1.bn2.running_mean: copying a param with shape torch.Size([1024]) from checkpoint, the shape in current model is torch.Size([2048]).
	size mismatch for layer4.1.bn2.running_var: copying a param with shape torch.Size([1024]) from checkpoint, the shape in current model is torch.Size([2048]).
	size mismatch for layer4.1.conv3.weight: copying a param with shape torch.Size([2048, 1024, 1, 1]) from checkpoint, the shape in current model is torch.Size([2048, 2048, 1, 1]).
	size mismatch for layer4.2.conv2.weight: copying a param with shape torch.Size([1024, 32, 3, 3]) from checkpoint, the shape in current model is torch.Size([2048, 16, 3, 3]).
	size mismatch for layer4.2.bn2.weight: copying a param with shape torch.Size([1024]) from checkpoint, the shape in current model is torch.Size([2048]).
	size mismatch for layer4.2.bn2.bias: copying a param with shape torch.Size([1024]) from checkpoint, the shape in current model is torch.Size([2048]).
	size mismatch for layer4.2.bn2.running_mean: copying a param with shape torch.Size([1024]) from checkpoint, the shape in current model is torch.Size([2048]).
	size mismatch for layer4.2.bn2.running_var: copying a param with shape torch.Size([1024]) from checkpoint, the shape in current model is torch.Size([2048]).
	size mismatch for layer4.2.conv3.weight: copying a param with shape torch.Size([2048, 1024, 1, 1]) from checkpoint, the shape in current model is torch.Size([2048, 2048, 1, 1]).
2026-01-31 22:22:20,261 [INFO]     Timm error for seresnet50: Error(s) in loading state_dict for ResNet:
	size mismatch for layer1.0.conv1.weight: copying a param with shape torch.Size([128, 64, 1, 1]) from checkpoint, the shape in current model is torch.Size([64, 64, 1, 1]).
	size mismatch for layer1.0.bn1.weight: copying a param with shape torch.Size([128]) from checkpoint, the shape in current model is torch.Size([64]).
	size mismatch for layer1.0.bn1.bias: copying a param with shape torch.Size([128]) from checkpoint, the shape in current model is torch.Size([64]).
	size mismatch for layer1.0.bn1.running_mean: copying a param with shape torch.Size([128]) from checkpoint, the shape in current model is torch.Size([64]).
	size mismatch for layer1.0.bn1.running_var: copying a param with shape torch.Size([128]) from checkpoint, the shape in current model is torch.Size([64]).
	size mismatch for layer1.0.conv2.weight: copying a param with shape torch.Size([128, 4, 3, 3]) from checkpoint, the shape in current model is torch.Size([64, 64, 3, 3]).
	size mismatch for layer1.0.bn2.weight: copying a param with shape torch.Size([128]) from checkpoint, the shape in current model is torch.Size([64]).
	size mismatch for layer1.0.bn2.bias: copying a param with shape torch.Size([128]) from checkpoint, the shape in current model is torch.Size([64]).
	size mismatch for layer1.0.bn2.running_mean: copying a param with shape torch.Size([128]) from checkpoint, the shape in current model is torch.Size([64]).
	size mismatch for layer1.0.bn2.running_var: copying a param with shape torch.Size([128]) from checkpoint, the shape in current model is torch.Size([64]).
	size mismatch for layer1.0.conv3.weight: copying a param with shape torch.Size([256, 128, 1, 1]) from checkpoint, the shape in current model is torch.Size([256, 64, 1, 1]).
	size mismatch for layer1.1.conv1.weight: copying a param with shape torch.Size([128, 256, 1, 1]) from checkpoint, the shape in current model is torch.Size([64, 256, 1, 1]).
	size mismatch for layer1.1.bn1.weight: copying a param with shape torch.Size([128]) from checkpoint, the shape in current model is torch.Size([64]).
	size mismatch for layer1.1.bn1.bias: copying a param with shape torch.Size([128]) from checkpoint, the shape in current model is torch.Size([64]).
	size mismatch for layer1.1.bn1.running_mean: copying a param with shape torch.Size([128]) from checkpoint, the shape in current model is torch.Size([64]).
	size mismatch for layer1.1.bn1.running_var: copying a param with shape torch.Size([128]) from checkpoint, the shape in current model is torch.Size([64]).
	size mismatch for layer1.1.conv2.weight: copying a param with shape torch.Size([128, 4, 3, 3]) from checkpoint, the shape in current model is torch.Size([64, 64, 3, 3]).
	size mismatch for layer1.1.bn2.weight: copying a param with shape torch.Size([128]) from checkpoint, the shape in current model is torch.Size([64]).
	size mismatch for layer1.1.bn2.bias: copying a param with shape torch.Size([128]) from checkpoint, the shape in current model is torch.Size([64]).
	size mismatch for layer1.1.bn2.running_mean: copying a param with shape torch.Size([128]) from checkpoint, the shape in current model is torch.Size([64]).
	size mismatch for layer1.1.bn2.running_var: copying a param with shape torch.Size([128]) from checkpoint, the shape in current model is torch.Size([64]).
	size mismatch for layer1.1.conv3.weight: copying a param with shape torch.Size([256, 128, 1, 1]) from checkpoint, the shape in current model is torch.Size([256, 64, 1, 1]).
	size mismatch for layer1.2.conv1.weight: copying a param with shape torch.Size([128, 256, 1, 1]) from checkpoint, the shape in current model is torch.Size([64, 256, 1, 1]).
	size mismatch for layer1.2.bn1.weight: copying a param with shape torch.Size([128]) from checkpoint, the shape in current model is torch.Size([64]).
	size mismatch for layer1.2.bn1.bias: copying a param with shape torch.Size([128]) from checkpoint, the shape in current model is torch.Size([64]).
	size mismatch for layer1.2.bn1.running_mean: copying a param with shape torch.Size([128]) from checkpoint, the shape in current model is torch.Size([64]).
	size mismatch for layer1.2.bn1.running_var: copying a param with shape torch.Size([128]) from checkpoint, the shape in current model is torch.Size([64]).
	size mismatch for layer1.2.conv2.weight: copying a param with shape torch.Size([128, 4, 3, 3]) from checkpoint, the shape in current model is torch.Size([64, 64, 3, 3]).
	size mismatch for layer1.2.bn2.weight: copying a param with shape torch.Size([128]) from checkpoint, the shape in current model is torch.Size([64]).
	size mismatch for layer1.2.bn2.bias: copying a param with shape torch.Size([128]) from checkpoint, the shape in current model is torch.Size([64]).
	size mismatch for layer1.2.bn2.running_mean: copying a param with shape torch.Size([128]) from checkpoint, the shape in current model is torch.Size([64]).
	size mismatch for layer1.2.bn2.running_var: copying a param with shape torch.Size([128]) from checkpoint, the shape in current model is torch.Size([64]).
	size mismatch for layer1.2.conv3.weight: copying a param with shape torch.Size([256, 128, 1, 1]) from checkpoint, the shape in current model is torch.Size([256, 64, 1, 1]).
	size mismatch for layer2.0.conv1.weight: copying a param with shape torch.Size([256, 256, 1, 1]) from checkpoint, the shape in current model is torch.Size([128, 256, 1, 1]).
	size mismatch for layer2.0.bn1.weight: copying a param with shape torch.Size([256]) from checkpoint, the shape in current model is torch.Size([128]).
	size mismatch for layer2.0.bn1.bias: copying a param with shape torch.Size([256]) from checkpoint, the shape in current model is torch.Size([128]).
	size mismatch for layer2.0.bn1.running_mean: copying a param with shape torch.Size([256]) from checkpoint, the shape in current model is torch.Size([128]).
	size mismatch for layer2.0.bn1.running_var: copying a param with shape torch.Size([256]) from checkpoint, the shape in current model is torch.Size([128]).
	size mismatch for layer2.0.conv2.weight: copying a param with shape torch.Size([256, 8, 3, 3]) from checkpoint, the shape in current model is torch.Size([128, 128, 3, 3]).
	size mismatch for layer2.0.bn2.weight: copying a param with shape torch.Size([256]) from checkpoint, the shape in current model is torch.Size([128]).
	size mismatch for layer2.0.bn2.bias: copying a param with shape torch.Size([256]) from checkpoint, the shape in current model is torch.Size([128]).
	size mismatch for layer2.0.bn2.running_mean: copying a param with shape torch.Size([256]) from checkpoint, the shape in current model is torch.Size([128]).
	size mismatch for layer2.0.bn2.running_var: copying a param with shape torch.Size([256]) from checkpoint, the shape in current model is torch.Size([128]).
	size mismatch for layer2.0.conv3.weight: copying a param with shape torch.Size([512, 256, 1, 1]) from checkpoint, the shape in current model is torch.Size([512, 128, 1, 1]).
	size mismatch for layer2.1.conv1.weight: copying a param with shape torch.Size([256, 512, 1, 1]) from checkpoint, the shape in current model is torch.Size([128, 512, 1, 1]).
	size mismatch for layer2.1.bn1.weight: copying a param with shape torch.Size([256]) from checkpoint, the shape in current model is torch.Size([128]).
	size mismatch for layer2.1.bn1.bias: copying a param with shape torch.Size([256]) from checkpoint, the shape in current model is torch.Size([128]).
	size mismatch for layer2.1.bn1.running_mean: copying a param with shape torch.Size([256]) from checkpoint, the shape in current model is torch.Size([128]).
	size mismatch for layer2.1.bn1.running_var: copying a param with shape torch.Size([256]) from checkpoint, the shape in current model is torch.Size([128]).
	size mismatch for layer2.1.conv2.weight: copying a param with shape torch.Size([256, 8, 3, 3]) from checkpoint, the shape in current model is torch.Size([128, 128, 3, 3]).
	size mismatch for layer2.1.bn2.weight: copying a param with shape torch.Size([256]) from checkpoint, the shape in current model is torch.Size([128]).
	size mismatch for layer2.1.bn2.bias: copying a param with shape torch.Size([256]) from checkpoint, the shape in current model is torch.Size([128]).
	size mismatch for layer2.1.bn2.running_mean: copying a param with shape torch.Size([256]) from checkpoint, the shape in current model is torch.Size([128]).
	size mismatch for layer2.1.bn2.running_var: copying a param with shape torch.Size([256]) from checkpoint, the shape in current model is torch.Size([128]).
	size mismatch for layer2.1.conv3.weight: copying a param with shape torch.Size([512, 256, 1, 1]) from checkpoint, the shape in current model is torch.Size([512, 128, 1, 1]).
	size mismatch for layer2.2.conv1.weight: copying a param with shape torch.Size([256, 512, 1, 1]) from checkpoint, the shape in current model is torch.Size([128, 512, 1, 1]).
	size mismatch for layer2.2.bn1.weight: copying a param with shape torch.Size([256]) from checkpoint, the shape in current model is torch.Size([128]).
	size mismatch for layer2.2.bn1.bias: copying a param with shape torch.Size([256]) from checkpoint, the shape in current model is torch.Size([128]).
	size mismatch for layer2.2.bn1.running_mean: copying a param with shape torch.Size([256]) from checkpoint, the shape in current model is torch.Size([128]).
	size mismatch for layer2.2.bn1.running_var: copying a param with shape torch.Size([256]) from checkpoint, the shape in current model is torch.Size([128]).
	size mismatch for layer2.2.conv2.weight: copying a param with shape torch.Size([256, 8, 3, 3]) from checkpoint, the shape in current model is torch.Size([128, 128, 3, 3]).
	size mismatch for layer2.2.bn2.weight: copying a param with shape torch.Size([256]) from checkpoint, the shape in current model is torch.Size([128]).
	size mismatch for layer2.2.bn2.bias: copying a param with shape torch.Size([256]) from checkpoint, the shape in current model is torch.Size([128]).
	size mismatch for layer2.2.bn2.running_mean: copying a param with shape torch.Size([256]) from checkpoint, the shape in current model is torch.Size([128]).
	size mismatch for layer2.2.bn2.running_var: copying a param with shape torch.Size([256]) from checkpoint, the shape in current model is torch.Size([128]).
	size mismatch for layer2.2.conv3.weight: copying a param with shape torch.Size([512, 256, 1, 1]) from checkpoint, the shape in current model is torch.Size([512, 128, 1, 1]).
	size mismatch for layer2.3.conv1.weight: copying a param with shape torch.Size([256, 512, 1, 1]) from checkpoint, the shape in current model is torch.Size([128, 512, 1, 1]).
	size mismatch for layer2.3.bn1.weight: copying a param with shape torch.Size([256]) from checkpoint, the shape in current model is torch.Size([128]).
	size mismatch for layer2.3.bn1.bias: copying a param with shape torch.Size([256]) from checkpoint, the shape in current model is torch.Size([128]).
	size mismatch for layer2.3.bn1.running_mean: copying a param with shape torch.Size([256]) from checkpoint, the shape in current model is torch.Size([128]).
	size mismatch for layer2.3.bn1.running_var: copying a param with shape torch.Size([256]) from checkpoint, the shape in current model is torch.Size([128]).
	size mismatch for layer2.3.conv2.weight: copying a param with shape torch.Size([256, 8, 3, 3]) from checkpoint, the shape in current model is torch.Size([128, 128, 3, 3]).
	size mismatch for layer2.3.bn2.weight: copying a param with shape torch.Size([256]) from checkpoint, the shape in current model is torch.Size([128]).
	size mismatch for layer2.3.bn2.bias: copying a param with shape torch.Size([256]) from checkpoint, the shape in current model is torch.Size([128]).
	size mismatch for layer2.3.bn2.running_mean: copying a param with shape torch.Size([256]) from checkpoint, the shape in current model is torch.Size([128]).
	size mismatch for layer2.3.bn2.running_var: copying a param with shape torch.Size([256]) from checkpoint, the shape in current model is torch.Size([128]).
	size mismatch for layer2.3.conv3.weight: copying a param with shape torch.Size([512, 256, 1, 1]) from checkpoint, the shape in current model is torch.Size([512, 128, 1, 1]).
	size mismatch for layer3.0.conv1.weight: copying a param with shape torch.Size([512, 512, 1, 1]) from checkpoint, the shape in current model is torch.Size([256, 512, 1, 1]).
	size mismatch for layer3.0.bn1.weight: copying a param with shape torch.Size([512]) from checkpoint, the shape in current model is torch.Size([256]).
	size mismatch for layer3.0.bn1.bias: copying a param with shape torch.Size([512]) from checkpoint, the shape in current model is torch.Size([256]).
	size mismatch for layer3.0.bn1.running_mean: copying a param with shape torch.Size([512]) from checkpoint, the shape in current model is torch.Size([256]).
	size mismatch for layer3.0.bn1.running_var: copying a param with shape torch.Size([512]) from checkpoint, the shape in current model is torch.Size([256]).
	size mismatch for layer3.0.conv2.weight: copying a param with shape torch.Size([512, 16, 3, 3]) from checkpoint, the shape in current model is torch.Size([256, 256, 3, 3]).
	size mismatch for layer3.0.bn2.weight: copying a param with shape torch.Size([512]) from checkpoint, the shape in current model is torch.Size([256]).
	size mismatch for layer3.0.bn2.bias: copying a param with shape torch.Size([512]) from checkpoint, the shape in current model is torch.Size([256]).
	size mismatch for layer3.0.bn2.running_mean: copying a param with shape torch.Size([512]) from checkpoint, the shape in current model is torch.Size([256]).
	size mismatch for layer3.0.bn2.running_var: copying a param with shape torch.Size([512]) from checkpoint, the shape in current model is torch.Size([256]).
	size mismatch for layer3.0.conv3.weight: copying a param with shape torch.Size([1024, 512, 1, 1]) from checkpoint, the shape in current model is torch.Size([1024, 256, 1, 1]).
	size mismatch for layer3.1.conv1.weight: copying a param with shape torch.Size([512, 1024, 1, 1]) from checkpoint, the shape in current model is torch.Size([256, 1024, 1, 1]).
	size mismatch for layer3.1.bn1.weight: copying a param with shape torch.Size([512]) from checkpoint, the shape in current model is torch.Size([256]).
	size mismatch for layer3.1.bn1.bias: copying a param with shape torch.Size([512]) from checkpoint, the shape in current model is torch.Size([256]).
	size mismatch for layer3.1.bn1.running_mean: copying a param with shape torch.Size([512]) from checkpoint, the shape in current model is torch.Size([256]).
	size mismatch for layer3.1.bn1.running_var: copying a param with shape torch.Size([512]) from checkpoint, the shape in current model is torch.Size([256]).
	size mismatch for layer3.1.conv2.weight: copying a param with shape torch.Size([512, 16, 3, 3]) from checkpoint, the shape in current model is torch.Size([256, 256, 3, 3]).
	size mismatch for layer3.1.bn2.weight: copying a param with shape torch.Size([512]) from checkpoint, the shape in current model is torch.Size([256]).
	size mismatch for layer3.1.bn2.bias: copying a param with shape torch.Size([512]) from checkpoint, the shape in current model is torch.Size([256]).
	size mismatch for layer3.1.bn2.running_mean: copying a param with shape torch.Size([512]) from checkpoint, the shape in current model is torch.Size([256]).
	size mismatch for layer3.1.bn2.running_var: copying a param with shape torch.Size([512]) from checkpoint, the shape in current model is torch.Size([256]).
	size mismatch for layer3.1.conv3.weight: copying a param with shape torch.Size([1024, 512, 1, 1]) from checkpoint, the shape in current model is torch.Size([1024, 256, 1, 1]).
	size mismatch for layer3.2.conv1.weight: copying a param with shape torch.Size([512, 1024, 1, 1]) from checkpoint, the shape in current model is torch.Size([256, 1024, 1, 1]).
	size mismatch for layer3.2.bn1.weight: copying a param with shape torch.Size([512]) from checkpoint, the shape in current model is torch.Size([256]).
	size mismatch for layer3.2.bn1.bias: copying a param with shape torch.Size([512]) from checkpoint, the shape in current model is torch.Size([256]).
	size mismatch for layer3.2.bn1.running_mean: copying a param with shape torch.Size([512]) from checkpoint, the shape in current model is torch.Size([256]).
	size mismatch for layer3.2.bn1.running_var: copying a param with shape torch.Size([512]) from checkpoint, the shape in current model is torch.Size([256]).
	size mismatch for layer3.2.conv2.weight: copying a param with shape torch.Size([512, 16, 3, 3]) from checkpoint, the shape in current model is torch.Size([256, 256, 3, 3]).
	size mismatch for layer3.2.bn2.weight: copying a param with shape torch.Size([512]) from checkpoint, the shape in current model is torch.Size([256]).
	size mismatch for layer3.2.bn2.bias: copying a param with shape torch.Size([512]) from checkpoint, the shape in current model is torch.Size([256]).
	size mismatch for layer3.2.bn2.running_mean: copying a param with shape torch.Size([512]) from checkpoint, the shape in current model is torch.Size([256]).
	size mismatch for layer3.2.bn2.running_var: copying a param with shape torch.Size([512]) from checkpoint, the shape in current model is torch.Size([256]).
	size mismatch for layer3.2.conv3.weight: copying a param with shape torch.Size([1024, 512, 1, 1]) from checkpoint, the shape in current model is torch.Size([1024, 256, 1, 1]).
	size mismatch for layer3.3.conv1.weight: copying a param with shape torch.Size([512, 1024, 1, 1]) from checkpoint, the shape in current model is torch.Size([256, 1024, 1, 1]).
	size mismatch for layer3.3.bn1.weight: copying a param with shape torch.Size([512]) from checkpoint, the shape in current model is torch.Size([256]).
	size mismatch for layer3.3.bn1.bias: copying a param with shape torch.Size([512]) from checkpoint, the shape in current model is torch.Size([256]).
	size mismatch for layer3.3.bn1.running_mean: copying a param with shape torch.Size([512]) from checkpoint, the shape in current model is torch.Size([256]).
	size mismatch for layer3.3.bn1.running_var: copying a param with shape torch.Size([512]) from checkpoint, the shape in current model is torch.Size([256]).
	size mismatch for layer3.3.conv2.weight: copying a param with shape torch.Size([512, 16, 3, 3]) from checkpoint, the shape in current model is torch.Size([256, 256, 3, 3]).
	size mismatch for layer3.3.bn2.weight: copying a param with shape torch.Size([512]) from checkpoint, the shape in current model is torch.Size([256]).
	size mismatch for layer3.3.bn2.bias: copying a param with shape torch.Size([512]) from checkpoint, the shape in current model is torch.Size([256]).
	size mismatch for layer3.3.bn2.running_mean: copying a param with shape torch.Size([512]) from checkpoint, the shape in current model is torch.Size([256]).
	size mismatch for layer3.3.bn2.running_var: copying a param with shape torch.Size([512]) from checkpoint, the shape in current model is torch.Size([256]).
	size mismatch for layer3.3.conv3.weight: copying a param with shape torch.Size([1024, 512, 1, 1]) from checkpoint, the shape in current model is torch.Size([1024, 256, 1, 1]).
	size mismatch for layer3.4.conv1.weight: copying a param with shape torch.Size([512, 1024, 1, 1]) from checkpoint, the shape in current model is torch.Size([256, 1024, 1, 1]).
	size mismatch for layer3.4.bn1.weight: copying a param with shape torch.Size([512]) from checkpoint, the shape in current model is torch.Size([256]).
	size mismatch for layer3.4.bn1.bias: copying a param with shape torch.Size([512]) from checkpoint, the shape in current model is torch.Size([256]).
	size mismatch for layer3.4.bn1.running_mean: copying a param with shape torch.Size([512]) from checkpoint, the shape in current model is torch.Size([256]).
	size mismatch for layer3.4.bn1.running_var: copying a param with shape torch.Size([512]) from checkpoint, the shape in current model is torch.Size([256]).
	size mismatch for layer3.4.conv2.weight: copying a param with shape torch.Size([512, 16, 3, 3]) from checkpoint, the shape in current model is torch.Size([256, 256, 3, 3]).
	size mismatch for layer3.4.bn2.weight: copying a param with shape torch.Size([512]) from checkpoint, the shape in current model is torch.Size([256]).
	size mismatch for layer3.4.bn2.bias: copying a param with shape torch.Size([512]) from checkpoint, the shape in current model is torch.Size([256]).
	size mismatch for layer3.4.bn2.running_mean: copying a param with shape torch.Size([512]) from checkpoint, the shape in current model is torch.Size([256]).
	size mismatch for layer3.4.bn2.running_var: copying a param with shape torch.Size([512]) from checkpoint, the shape in current model is torch.Size([256]).
	size mismatch for layer3.4.conv3.weight: copying a param with shape torch.Size([1024, 512, 1, 1]) from checkpoint, the shape in current model is torch.Size([1024, 256, 1, 1]).
	size mismatch for layer3.5.conv1.weight: copying a param with shape torch.Size([512, 1024, 1, 1]) from checkpoint, the shape in current model is torch.Size([256, 1024, 1, 1]).
	size mismatch for layer3.5.bn1.weight: copying a param with shape torch.Size([512]) from checkpoint, the shape in current model is torch.Size([256]).
	size mismatch for layer3.5.bn1.bias: copying a param with shape torch.Size([512]) from checkpoint, the shape in current model is torch.Size([256]).
	size mismatch for layer3.5.bn1.running_mean: copying a param with shape torch.Size([512]) from checkpoint, the shape in current model is torch.Size([256]).
	size mismatch for layer3.5.bn1.running_var: copying a param with shape torch.Size([512]) from checkpoint, the shape in current model is torch.Size([256]).
	size mismatch for layer3.5.conv2.weight: copying a param with shape torch.Size([512, 16, 3, 3]) from checkpoint, the shape in current model is torch.Size([256, 256, 3, 3]).
	size mismatch for layer3.5.bn2.weight: copying a param with shape torch.Size([512]) from checkpoint, the shape in current model is torch.Size([256]).
	size mismatch for layer3.5.bn2.bias: copying a param with shape torch.Size([512]) from checkpoint, the shape in current model is torch.Size([256]).
	size mismatch for layer3.5.bn2.running_mean: copying a param with shape torch.Size([512]) from checkpoint, the shape in current model is torch.Size([256]).
	size mismatch for layer3.5.bn2.running_var: copying a param with shape torch.Size([512]) from checkpoint, the shape in current model is torch.Size([256]).
	size mismatch for layer3.5.conv3.weight: copying a param with shape torch.Size([1024, 512, 1, 1]) from checkpoint, the shape in current model is torch.Size([1024, 256, 1, 1]).
	size mismatch for layer4.0.conv1.weight: copying a param with shape torch.Size([1024, 1024, 1, 1]) from checkpoint, the shape in current model is torch.Size([512, 1024, 1, 1]).
	size mismatch for layer4.0.bn1.weight: copying a param with shape torch.Size([1024]) from checkpoint, the shape in current model is torch.Size([512]).
	size mismatch for layer4.0.bn1.bias: copying a param with shape torch.Size([1024]) from checkpoint, the shape in current model is torch.Size([512]).
	size mismatch for layer4.0.bn1.running_mean: copying a param with shape torch.Size([1024]) from checkpoint, the shape in current model is torch.Size([512]).
	size mismatch for layer4.0.bn1.running_var: copying a param with shape torch.Size([1024]) from checkpoint, the shape in current model is torch.Size([512]).
	size mismatch for layer4.0.conv2.weight: copying a param with shape torch.Size([1024, 32, 3, 3]) from checkpoint, the shape in current model is torch.Size([512, 512, 3, 3]).
	size mismatch for layer4.0.bn2.weight: copying a param with shape torch.Size([1024]) from checkpoint, the shape in current model is torch.Size([512]).
	size mismatch for layer4.0.bn2.bias: copying a param with shape torch.Size([1024]) from checkpoint, the shape in current model is torch.Size([512]).
	size mismatch for layer4.0.bn2.running_mean: copying a param with shape torch.Size([1024]) from checkpoint, the shape in current model is torch.Size([512]).
	size mismatch for layer4.0.bn2.running_var: copying a param with shape torch.Size([1024]) from checkpoint, the shape in current model is torch.Size([512]).
	size mismatch for layer4.0.conv3.weight: copying a param with shape torch.Size([2048, 1024, 1, 1]) from checkpoint, the shape in current model is torch.Size([2048, 512, 1, 1]).
	size mismatch for layer4.1.conv1.weight: copying a param with shape torch.Size([1024, 2048, 1, 1]) from checkpoint, the shape in current model is torch.Size([512, 2048, 1, 1]).
	size mismatch for layer4.1.bn1.weight: copying a param with shape torch.Size([1024]) from checkpoint, the shape in current model is torch.Size([512]).
	size mismatch for layer4.1.bn1.bias: copying a param with shape torch.Size([1024]) from checkpoint, the shape in current model is torch.Size([512]).
	size mismatch for layer4.1.bn1.running_mean: copying a param with shape torch.Size([1024]) from checkpoint, the shape in current model is torch.Size([512]).
	size mismatch for layer4.1.bn1.running_var: copying a param with shape torch.Size([1024]) from checkpoint, the shape in current model is torch.Size([512]).
	size mismatch for layer4.1.conv2.weight: copying a param with shape torch.Size([1024, 32, 3, 3]) from checkpoint, the shape in current model is torch.Size([512, 512, 3, 3]).
	size mismatch for layer4.1.bn2.weight: copying a param with shape torch.Size([1024]) from checkpoint, the shape in current model is torch.Size([512]).
	size mismatch for layer4.1.bn2.bias: copying a param with shape torch.Size([1024]) from checkpoint, the shape in current model is torch.Size([512]).
	size mismatch for layer4.1.bn2.running_mean: copying a param with shape torch.Size([1024]) from checkpoint, the shape in current model is torch.Size([512]).
	size mismatch for layer4.1.bn2.running_var: copying a param with shape torch.Size([1024]) from checkpoint, the shape in current model is torch.Size([512]).
	size mismatch for layer4.1.conv3.weight: copying a param with shape torch.Size([2048, 1024, 1, 1]) from checkpoint, the shape in current model is torch.Size([2048, 512, 1, 1]).
	size mismatch for layer4.2.conv1.weight: copying a param with shape torch.Size([1024, 2048, 1, 1]) from checkpoint, the shape in current model is torch.Size([512, 2048, 1, 1]).
	size mismatch for layer4.2.bn1.weight: copying a param with shape torch.Size([1024]) from checkpoint, the shape in current model is torch.Size([512]).
	size mismatch for layer4.2.bn1.bias: copying a param with shape torch.Size([1024]) from checkpoint, the shape in current model is torch.Size([512]).
	size mismatch for layer4.2.bn1.running_mean: copying a param with shape torch.Size([1024]) from checkpoint, the shape in current model is torch.Size([512]).
	size mismatch for layer4.2.bn1.running_var: copying a param with shape torch.Size([1024]) from checkpoint, the shape in current model is torch.Size([512]).
	size mismatch for layer4.2.conv2.weight: copying a param with shape torch.Size([1024, 32, 3, 3]) from checkpoint, the shape in current model is torch.Size([512, 512, 3, 3]).
	size mismatch for layer4.2.bn2.weight: copying a param with shape torch.Size([1024]) from checkpoint, the shape in current model is torch.Size([512]).
	size mismatch for layer4.2.bn2.bias: copying a param with shape torch.Size([1024]) from checkpoint, the shape in current model is torch.Size([512]).
	size mismatch for layer4.2.bn2.running_mean: copying a param with shape torch.Size([1024]) from checkpoint, the shape in current model is torch.Size([512]).
	size mismatch for layer4.2.bn2.running_var: copying a param with shape torch.Size([1024]) from checkpoint, the shape in current model is torch.Size([512]).
	size mismatch for layer4.2.conv3.weight: copying a param with shape torch.Size([2048, 1024, 1, 1]) from checkpoint, the shape in current model is torch.Size([2048, 512, 1, 1]).
2026-01-31 22:22:20,566 [INFO]     seresnext50_32x4d (timm) missing: 0, unexpected: 0
2026-01-31 22:22:20,566 [INFO]   Successfully loaded weights into seresnext50_32x4d
2026-01-31 22:22:20,590 [INFO] Evaluating...
2026-01-31 22:22:28,570 [INFO]   Batch 0/135
2026-01-31 22:22:42,999 [INFO]   Batch 10/135
2026-01-31 22:23:05,340 [INFO]   Batch 20/135
2026-01-31 22:23:22,914 [INFO]   Batch 30/135
2026-01-31 22:23:44,777 [INFO]   Batch 40/135
2026-01-31 22:24:01,209 [INFO]   Batch 50/135
2026-01-31 22:24:22,185 [INFO]   Batch 60/135
2026-01-31 22:24:40,272 [INFO]   Batch 70/135
2026-01-31 22:25:01,501 [INFO]   Batch 80/135
2026-01-31 22:25:20,099 [INFO]   Batch 90/135
2026-01-31 22:25:38,269 [INFO]   Batch 100/135
2026-01-31 22:25:58,681 [INFO]   Batch 110/135
2026-01-31 22:26:15,260 [INFO]   Batch 120/135
2026-01-31 22:26:37,165 [INFO]   Batch 130/135
2026-01-31 22:26:42,837 [INFO] 
Results: Acc=0.9930, AUC=0.9501
2026-01-31 22:26:42,838 [INFO] 
Classification Report:
              precision    recall  f1-score   support

          AP       0.81      0.61      0.69        56
          PA       0.99      1.00      1.00      4257

    accuracy                           0.99      4313
   macro avg       0.90      0.80      0.85      4313
weighted avg       0.99      0.99      0.99      4313

2026-01-31 22:26:42,838 [INFO] 
Confusion Matrix:
[[  34   22]
 [   8 4249]]
