2026-01-30 21:40:48,688 [INFO] 
==================================================
2026-01-30 21:40:48,689 [INFO] Processing: resnet50halffinetunebestmodel.pth
2026-01-30 21:40:48,689 [INFO] ==================================================
2026-01-30 21:40:48,815 [INFO]   Checkpoint has 2 classes.
2026-01-30 21:40:49,133 [INFO]     resnet50 (torchvision) missing: 0, unexpected: 0
2026-01-30 21:40:49,133 [INFO]   Successfully loaded weights into resnet50
2026-01-30 21:40:49,156 [INFO] Evaluating...
2026-01-30 21:40:55,759 [INFO]   Batch 0/135
2026-01-30 21:41:10,125 [INFO]   Batch 10/135
2026-01-30 21:41:31,408 [INFO]   Batch 20/135
2026-01-30 21:41:48,291 [INFO]   Batch 30/135
2026-01-30 21:42:08,894 [INFO]   Batch 40/135
2026-01-30 21:42:24,952 [INFO]   Batch 50/135
2026-01-30 21:42:45,162 [INFO]   Batch 60/135
2026-01-30 21:43:02,562 [INFO]   Batch 70/135
2026-01-30 21:43:22,488 [INFO]   Batch 80/135
2026-01-30 21:43:39,989 [INFO]   Batch 90/135
2026-01-30 21:43:56,842 [INFO]   Batch 100/135
2026-01-30 21:44:16,371 [INFO]   Batch 110/135
2026-01-30 21:44:32,058 [INFO]   Batch 120/135
2026-01-30 21:44:53,214 [INFO]   Batch 130/135
2026-01-30 21:44:58,723 [INFO] 
Results: Acc=0.0452, AUC=0.5303
2026-01-30 21:44:58,723 [INFO] 
Classification Report:
              precision    recall  f1-score   support

          AP       0.01      0.95      0.03        56
          PA       0.98      0.03      0.06      4257

    accuracy                           0.05      4313
   macro avg       0.50      0.49      0.04      4313
weighted avg       0.97      0.05      0.06      4313

2026-01-30 21:44:58,723 [INFO] 
Confusion Matrix:
[[  53    3]
 [4115  142]]
