2026-02-01 03:16:12,752 [INFO] 
==================================================
2026-02-01 03:16:12,752 [INFO] Processing: resnet50nofinetunebestmodel.pth
2026-02-01 03:16:12,752 [INFO] ==================================================
2026-02-01 03:16:12,879 [INFO]   Checkpoint has 2 classes.
2026-02-01 03:16:13,190 [INFO]     resnet50 (torchvision) missing: 0, unexpected: 0
2026-02-01 03:16:13,190 [INFO]   Successfully loaded weights into resnet50
2026-02-01 03:16:13,216 [INFO] Evaluating...
2026-02-01 03:16:13,518 [INFO]   Batch 0/135
2026-02-01 03:16:14,109 [INFO]   Batch 10/135
2026-02-01 03:16:14,697 [INFO]   Batch 20/135
2026-02-01 03:16:15,283 [INFO]   Batch 30/135
2026-02-01 03:16:15,870 [INFO]   Batch 40/135
2026-02-01 03:16:16,452 [INFO]   Batch 50/135
2026-02-01 03:16:17,037 [INFO]   Batch 60/135
2026-02-01 03:16:17,614 [INFO]   Batch 70/135
2026-02-01 03:16:18,206 [INFO]   Batch 80/135
2026-02-01 03:16:18,792 [INFO]   Batch 90/135
2026-02-01 03:16:19,378 [INFO]   Batch 100/135
2026-02-01 03:16:19,962 [INFO]   Batch 110/135
2026-02-01 03:16:20,548 [INFO]   Batch 120/135
2026-02-01 03:16:21,131 [INFO]   Batch 130/135
2026-02-01 03:16:21,410 [INFO] 
Results: Acc=0.9889, AUC=0.9106
2026-02-01 03:16:21,410 [INFO] 
Classification Report:
              precision    recall  f1-score   support

          AP       0.58      0.50      0.54        56
          PA       0.99      1.00      0.99      4257

    accuracy                           0.99      4313
   macro avg       0.79      0.75      0.77      4313
weighted avg       0.99      0.99      0.99      4313

2026-02-01 03:16:21,410 [INFO] 
Confusion Matrix:
[[  28   28]
 [  20 4237]]
